Archive member included to satisfy reference by file (symbol)

/mnt/c/Users/chris/sjtwo-c/toolchains/linux/gcc-arm-none-eabi-8-2019-q3-update/bin/../lib/gcc/arm-none-eabi/8.3.1/thumb/v7e-m+fp/hard/libgcc.a(_arm_addsubdf3.o)
                              _build_lpc40xx_freertos/obj/oled_spi.o (__aeabi_f2d)
/mnt/c/Users/chris/sjtwo-c/toolchains/linux/gcc-arm-none-eabi-8-2019-q3-update/bin/../lib/gcc/arm-none-eabi/8.3.1/thumb/v7e-m+fp/hard/libgcc.a(_arm_muldivdf3.o)
                              _build_lpc40xx_freertos/obj/oled_spi.o (__aeabi_dmul)
/mnt/c/Users/chris/sjtwo-c/toolchains/linux/gcc-arm-none-eabi-8-2019-q3-update/bin/../lib/gcc/arm-none-eabi/8.3.1/thumb/v7e-m+fp/hard/libgcc.a(_arm_truncdfsf2.o)
                              _build_lpc40xx_freertos/obj/oled_spi.o (__aeabi_d2f)
/mnt/c/Users/chris/sjtwo-c/toolchains/linux/gcc-arm-none-eabi-8-2019-q3-update/bin/../lib/gcc/arm-none-eabi/8.3.1/thumb/v7e-m+fp/hard/libgcc.a(_aeabi_ldivmod.o)
                              _build_lpc40xx_freertos/obj/tasks.o (__aeabi_ldivmod)
/mnt/c/Users/chris/sjtwo-c/toolchains/linux/gcc-arm-none-eabi-8-2019-q3-update/bin/../lib/gcc/arm-none-eabi/8.3.1/thumb/v7e-m+fp/hard/libgcc.a(_aeabi_uldivmod.o)
                              _build_lpc40xx_freertos/obj/tasks.o (__aeabi_uldivmod)
/mnt/c/Users/chris/sjtwo-c/toolchains/linux/gcc-arm-none-eabi-8-2019-q3-update/bin/../lib/gcc/arm-none-eabi/8.3.1/thumb/v7e-m+fp/hard/libgcc.a(_udivmoddi4.o)
                              /mnt/c/Users/chris/sjtwo-c/toolchains/linux/gcc-arm-none-eabi-8-2019-q3-update/bin/../lib/gcc/arm-none-eabi/8.3.1/thumb/v7e-m+fp/hard/libgcc.a(_aeabi_ldivmod.o) (__udivmoddi4)
/mnt/c/Users/chris/sjtwo-c/toolchains/linux/gcc-arm-none-eabi-8-2019-q3-update/bin/../lib/gcc/arm-none-eabi/8.3.1/thumb/v7e-m+fp/hard/libgcc.a(_dvmd_tls.o)
                              /mnt/c/Users/chris/sjtwo-c/toolchains/linux/gcc-arm-none-eabi-8-2019-q3-update/bin/../lib/gcc/arm-none-eabi/8.3.1/thumb/v7e-m+fp/hard/libgcc.a(_aeabi_ldivmod.o) (__aeabi_ldiv0)
/mnt/c/Users/chris/sjtwo-c/toolchains/linux/gcc-arm-none-eabi-8-2019-q3-update/bin/../lib/gcc/arm-none-eabi/8.3.1/../../../../arm-none-eabi/lib/thumb/v7e-m+fp/hard/libg_nano.a(lib_a-atof.o)
                              _build_lpc40xx_freertos/obj/sl_string.o (atof)
/mnt/c/Users/chris/sjtwo-c/toolchains/linux/gcc-arm-none-eabi-8-2019-q3-update/bin/../lib/gcc/arm-none-eabi/8.3.1/../../../../arm-none-eabi/lib/thumb/v7e-m+fp/hard/libg_nano.a(lib_a-atoi.o)
                              _build_lpc40xx_freertos/obj/sl_string.o (atoi)
/mnt/c/Users/chris/sjtwo-c/toolchains/linux/gcc-arm-none-eabi-8-2019-q3-update/bin/../lib/gcc/arm-none-eabi/8.3.1/../../../../arm-none-eabi/lib/thumb/v7e-m+fp/hard/libg_nano.a(lib_a-ctype_.o)
                              _build_lpc40xx_freertos/obj/sl_string.o (_ctype_)
/mnt/c/Users/chris/sjtwo-c/toolchains/linux/gcc-arm-none-eabi-8-2019-q3-update/bin/../lib/gcc/arm-none-eabi/8.3.1/../../../../arm-none-eabi/lib/thumb/v7e-m+fp/hard/libg_nano.a(lib_a-fprintf.o)
                              _build_lpc40xx_freertos/obj/interrupt_vector_table.o (fprintf)
/mnt/c/Users/chris/sjtwo-c/toolchains/linux/gcc-arm-none-eabi-8-2019-q3-update/bin/../lib/gcc/arm-none-eabi/8.3.1/../../../../arm-none-eabi/lib/thumb/v7e-m+fp/hard/libg_nano.a(lib_a-fputs.o)
                              _build_lpc40xx_freertos/obj/entry_point.o (fputs)
/mnt/c/Users/chris/sjtwo-c/toolchains/linux/gcc-arm-none-eabi-8-2019-q3-update/bin/../lib/gcc/arm-none-eabi/8.3.1/../../../../arm-none-eabi/lib/thumb/v7e-m+fp/hard/libg_nano.a(lib_a-getchar.o)
                              _build_lpc40xx_freertos/obj/sj2_cli.o (getchar)
/mnt/c/Users/chris/sjtwo-c/toolchains/linux/gcc-arm-none-eabi-8-2019-q3-update/bin/../lib/gcc/arm-none-eabi/8.3.1/../../../../arm-none-eabi/lib/thumb/v7e-m+fp/hard/libg_nano.a(lib_a-impure.o)
                              _build_lpc40xx_freertos/obj/entry_point.o (_impure_ptr)
/mnt/c/Users/chris/sjtwo-c/toolchains/linux/gcc-arm-none-eabi-8-2019-q3-update/bin/../lib/gcc/arm-none-eabi/8.3.1/../../../../arm-none-eabi/lib/thumb/v7e-m+fp/hard/libg_nano.a(lib_a-itoa.o)
                              _build_lpc40xx_freertos/obj/oled_spi.o (itoa)
/mnt/c/Users/chris/sjtwo-c/toolchains/linux/gcc-arm-none-eabi-8-2019-q3-update/bin/../lib/gcc/arm-none-eabi/8.3.1/../../../../arm-none-eabi/lib/thumb/v7e-m+fp/hard/libg_nano.a(lib_a-lock.o)
                              /mnt/c/Users/chris/sjtwo-c/toolchains/linux/gcc-arm-none-eabi-8-2019-q3-update/bin/../lib/gcc/arm-none-eabi/8.3.1/../../../../arm-none-eabi/lib/thumb/v7e-m+fp/hard/libg_nano.a(lib_a-fputs.o) (__retarget_lock_acquire_recursive)
/mnt/c/Users/chris/sjtwo-c/toolchains/linux/gcc-arm-none-eabi-8-2019-q3-update/bin/../lib/gcc/arm-none-eabi/8.3.1/../../../../arm-none-eabi/lib/thumb/v7e-m+fp/hard/libg_nano.a(lib_a-malloc.o)
                              _build_lpc40xx_freertos/obj/heap_3.o (malloc)
[...]
Memory Configuration

Name             Origin             Length             Attributes
flash_512k       0x0000000000000000 0x0000000000080000 xr
ram_64k          0x0000000010000000 0x0000000000010000 xrw
ram_32k          0x0000000020000000 0x0000000000008000 xrw
*default*        0x0000000000000000 0xffffffffffffffff

Linker script and memory map

LOAD _build_lpc40xx_freertos/obj/entry_point.o
LOAD _build_lpc40xx_freertos/obj/interrupt_vector_table.o
LOAD _build_lpc40xx_freertos/obj/clock.o
LOAD _build_lpc40xx_freertos/obj/crash.o
LOAD _build_lpc40xx_freertos/obj/syscall.o
LOAD _build_lpc40xx_freertos/obj/startup.o
LOAD _build_lpc40xx_freertos/obj/freertos_interrupt_handlers.o
LOAD _build_lpc40xx_freertos/obj/port.o
LOAD _build_lpc40xx_freertos/obj/heap_3.o
LOAD _build_lpc40xx_freertos/obj/croutine.o
LOAD _build_lpc40xx_freertos/obj/event_groups.o
LOAD _build_lpc40xx_freertos/obj/list.o
LOAD _build_lpc40xx_freertos/obj/queue.o
LOAD _build_lpc40xx_freertos/obj/stream_buffer.o
LOAD _build_lpc40xx_freertos/obj/tasks.o
LOAD _build_lpc40xx_freertos/obj/timers.o
LOAD _build_lpc40xx_freertos/obj/trcKernelPort.o
LOAD _build_lpc40xx_freertos/obj/trcSnapshotRecorder.o
LOAD _build_lpc40xx_freertos/obj/trcStreamingPort.o
LOAD _build_lpc40xx_freertos/obj/trcStreamingRecorder.o
LOAD _build_lpc40xx_freertos/obj/leightweight_lock.o
LOAD _build_lpc40xx_freertos/obj/sl_string.o
LOAD _build_lpc40xx_freertos/obj/adc.o
LOAD _build_lpc40xx_freertos/obj/board_io.o
LOAD _build_lpc40xx_freertos/obj/can_bus.o
LOAD _build_lpc40xx_freertos/obj/gpio.o
LOAD _build_lpc40xx_freertos/obj/hw_timer.o
LOAD _build_lpc40xx_freertos/obj/i2c.o
LOAD _build_lpc40xx_freertos/obj/lpc_peripherals.o
LOAD _build_lpc40xx_freertos/obj/pwm1.o
LOAD _build_lpc40xx_freertos/obj/ssp2.o
LOAD _build_lpc40xx_freertos/obj/uart.o
LOAD _build_lpc40xx_freertos/obj/app_cli.o
LOAD _build_lpc40xx_freertos/obj/sj2_cli.o
LOAD _build_lpc40xx_freertos/obj/handler_i2c.o
LOAD _build_lpc40xx_freertos/obj/handlers_general.o
LOAD _build_lpc40xx_freertos/obj/file_io_example.o
LOAD _build_lpc40xx_freertos/obj/ff.o
LOAD _build_lpc40xx_freertos/obj/ffsystem.o
LOAD _build_lpc40xx_freertos/obj/ffunicode.o
LOAD _build_lpc40xx_freertos/obj/disk_glue_logic.o
LOAD _build_lpc40xx_freertos/obj/fatfs_time.o
LOAD _build_lpc40xx_freertos/obj/sd_card.o
LOAD _build_lpc40xx_freertos/obj/system_calls.o
LOAD _build_lpc40xx_freertos/obj/acceleration.o
LOAD _build_lpc40xx_freertos/obj/sensors.o
LOAD _build_lpc40xx_freertos/obj/delay.o
LOAD _build_lpc40xx_freertos/obj/peripherals_init.o
LOAD _build_lpc40xx_freertos/obj/ssp2_mutex.o
LOAD _build_lpc40xx_freertos/obj/sys_time.o
LOAD _build_lpc40xx_freertos/obj/uart_printf.o
LOAD _build_lpc40xx_freertos/obj/Control_Button.o
LOAD _build_lpc40xx_freertos/obj/accel_control.o
LOAD _build_lpc40xx_freertos/obj/audio_decoder.o
LOAD _build_lpc40xx_freertos/obj/ePaper_Font.o
LOAD _build_lpc40xx_freertos/obj/gpio_isr.o
LOAD _build_lpc40xx_freertos/obj/gpio_lab.o
LOAD _build_lpc40xx_freertos/obj/i2c_slave_functions.o
LOAD _build_lpc40xx_freertos/obj/main.o
LOAD _build_lpc40xx_freertos/obj/oled_spi.o
LOAD _build_lpc40xx_freertos/obj/rtos_hooks.o
LOAD _build_lpc40xx_freertos/obj/ssp0.o
LOAD _build_lpc40xx_freertos/obj/ssp1.o
LOAD _build_lpc40xx_freertos/obj/ssp2_lab.o
LOAD _build_lpc40xx_freertos/obj/uart_lab.o
LOAD _build_lpc40xx_freertos/obj/periodic_callbacks.o
LOAD _build_lpc40xx_freertos/obj/periodic_scheduler.o
LOAD /mnt/c/Users/chris/sjtwo-c/toolchains/linux/gcc-arm-none-eabi-8-2019-q3-update/bin/../lib/gcc/arm-none-eabi/8.3.1/../../../../arm-none-eabi/lib/thumb/v7e-m+fp/hard/libm.a
START GROUP
LOAD /mnt/c/Users/chris/sjtwo-c/toolchains/linux/gcc-arm-none-eabi-8-2019-q3-update/bin/../lib/gcc/arm-none-eabi/8.3.1/thumb/v7e-m+fp/hard/libgcc.a
LOAD /mnt/c/Users/chris/sjtwo-c/toolchains/linux/gcc-arm-none-eabi-8-2019-q3-update/bin/../lib/gcc/arm-none-eabi/8.3.1/../../../../arm-none-eabi/lib/thumb/v7e-m+fp/hard/libg_nano.a
LOAD /mnt/c/Users/chris/sjtwo-c/toolchains/linux/gcc-arm-none-eabi-8-2019-q3-update/bin/../lib/gcc/arm-none-eabi/8.3.1/../../../../arm-none-eabi/lib/thumb/v7e-m+fp/hard/libc_nano.a
END GROUP
START GROUP
LOAD /mnt/c/Users/chris/sjtwo-c/toolchains/linux/gcc-arm-none-eabi-8-2019-q3-update/bin/../lib/gcc/arm-none-eabi/8.3.1/thumb/v7e-m+fp/hard/libgcc.a
LOAD /mnt/c/Users/chris/sjtwo-c/toolchains/linux/gcc-arm-none-eabi-8-2019-q3-update/bin/../lib/gcc/arm-none-eabi/8.3.1/../../../../arm-none-eabi/lib/thumb/v7e-m+fp/hard/libc_nano.a
LOAD /mnt/c/Users/chris/sjtwo-c/toolchains/linux/gcc-arm-none-eabi-8-2019-q3-update/bin/../lib/gcc/arm-none-eabi/8.3.1/../../../../arm-none-eabi/lib/thumb/v7e-m+fp/hard/libnosys.a
END GROUP
START GROUP
LOAD /mnt/c/Users/chris/sjtwo-c/toolchains/linux/gcc-arm-none-eabi-8-2019-q3-update/bin/../lib/gcc/arm-none-eabi/8.3.1/thumb/v7e-m+fp/hard/libgcc.a
LOAD /mnt/c/Users/chris/sjtwo-c/toolchains/linux/gcc-arm-none-eabi-8-2019-q3-update/bin/../lib/gcc/arm-none-eabi/8.3.1/../../../../arm-none-eabi/lib/thumb/v7e-m+fp/hard/libc_nano.a
LOAD /mnt/c/Users/chris/sjtwo-c/toolchains/linux/gcc-arm-none-eabi-8-2019-q3-update/bin/../lib/gcc/arm-none-eabi/8.3.1/../../../../arm-none-eabi/lib/thumb/v7e-m+fp/hard/libnosys.a
END GROUP
                0x0000000000000000                __base_flash = ORIGIN (flash_512k)
                0x0000000000080000                __top_flash = (__base_flash + LENGTH (flash_512k))
                0x0000000010000000                __base_ram_64k = ORIGIN (ram_64k)
                0x0000000010010000                __top_ram_64k = (__base_ram_64k + LENGTH (ram_64k))
                0x0000000020000000                __base_ram_32k = ORIGIN (ram_32k)
                0x0000000020008000                __top_ram_32k = (__base_ram_32k + LENGTH (ram_32k))

.text           0x0000000000000000    0x124f4
 FILL mask 0xff
 *(.interrupt_vector_table)
 .interrupt_vector_table
                0x0000000000000000       0xe4 _build_lpc40xx_freertos/obj/interrupt_vector_table.o
                0x0000000000000000                interrupt_vector_table
                0x00000000000000e4                . = ALIGN (0x4)
 *(.init)
                0x00000000000000e4                . = ALIGN (0x4)
                0x00000000000000e4                __preinit_array_start = .
 *(.preinit_array)
                0x00000000000000e4                __preinit_array_end = .
                0x00000000000000e4                . = ALIGN (0x4)
                0x00000000000000e4                __init_array_start = .
 *(SORT_BY_NAME(.init_array.*))
 *(.init_array)
                0x00000000000000e4                __init_array_end = .
 *(.fini)
                0x00000000000000e4                . = ALIGN (0x4)
 *crtbegin.o(.ctors)
 *(EXCLUDE_FILE(*crtend.o) .ctors)
 *(SORT_BY_NAME(.ctors.*))
 *crtend.o(.ctors)
                0x00000000000000e4                . = ALIGN (0x4)
 *crtbegin.o(.dtors)
 *(EXCLUDE_FILE(*crtend.o) .dtors)
 *(SORT_BY_NAME(.dtors.*))
 *crtend.o(.dtors)
 *(.text*)
 .text.entry_point
                0x00000000000000e4       0x80 _build_lpc40xx_freertos/obj/entry_point.o
                0x00000000000000e4                entry_point
 .text.isr_hard_fault
                0x0000000000000164       0x1a _build_lpc40xx_freertos/obj/interrupt_vector_table.o
 *fill*         0x000000000000017e        0x2 ff
 .text.halt     0x0000000000000180       0x5c _build_lpc40xx_freertos/obj/interrupt_vector_table.o
 .text.isr_hard_fault_handler
                0x00000000000001dc       0x4c _build_lpc40xx_freertos/obj/interrupt_vector_table.o
                0x00000000000001dc                isr_hard_fault_handler
 .text.clock__get_core_clock_hz
                0x0000000000000228        0x8 _build_lpc40xx_freertos/obj/clock.o
                0x0000000000000228                clock__get_core_clock_hz
 .text.clock__get_peripheral_clock_hz
                0x0000000000000230        0x8 _build_lpc40xx_freertos/obj/clock.o
                0x0000000000000230                clock__get_peripheral_clock_hz
 .text.clock__initialize_system_clock_96mhz
                0x0000000000000238       0x40 _build_lpc40xx_freertos/obj/clock.o
                0x0000000000000238                clock__initialize_system_clock_96mhz
 .text.crash__record_get
                0x0000000000000278       0x18 _build_lpc40xx_freertos/obj/crash.o
                0x0000000000000278                crash__record_get
 .text.crash__report_if_occurred
                0x0000000000000290       0xc0 _build_lpc40xx_freertos/obj/crash.o
                0x0000000000000290                crash__report_if_occurred
 .text._sbrk    0x0000000000000350       0x54 _build_lpc40xx_freertos/obj/syscall.o
                0x0000000000000350                _sbrk
 .text.startup__initialize_ram
                0x00000000000003a4       0x3c _build_lpc40xx_freertos/obj/startup.o
                0x00000000000003a4                startup__initialize_ram
 .text.startup__initialize_fpu
                0x00000000000003e0       0x14 _build_lpc40xx_freertos/obj/startup.o
                0x00000000000003e0                startup__initialize_fpu
 .text.startup__initialize_interrupts
                0x00000000000003f4       0x18 _build_lpc40xx_freertos/obj/startup.o
                0x00000000000003f4                startup__initialize_interrupts
 .text.vPortSVCHandler_wrapper
                0x000000000000040c        0x4 _build_lpc40xx_freertos/obj/freertos_interrupt_handlers.o
                0x000000000000040c                vPortSVCHandler_wrapper
 .text.xPortPendSVHandler_wrapper
                0x0000000000000410        0x4 _build_lpc40xx_freertos/obj/freertos_interrupt_handlers.o
                0x0000000000000410                xPortPendSVHandler_wrapper
 .text.xPortSysTickHandler_wrapper
                0x0000000000000414        0x4 _build_lpc40xx_freertos/obj/freertos_interrupt_handlers.o
                0x0000000000000414                xPortSysTickHandler_wrapper
 .text.prvPortStartFirstTask
                0x0000000000000418       0x28 _build_lpc40xx_freertos/obj/port.o
 .text.vPortEnableVFP
                0x0000000000000440       0x14 _build_lpc40xx_freertos/obj/port.o
 .text.prvTaskExitError
                0x0000000000000454       0x3c _build_lpc40xx_freertos/obj/port.o
 .text.pxPortInitialiseStack
                0x0000000000000490       0x2c _build_lpc40xx_freertos/obj/port.o
                0x0000000000000490                pxPortInitialiseStack
 *fill*         0x00000000000004bc        0x4 ff
 .text.vPortSVCHandler
                0x00000000000004c0       0x24 _build_lpc40xx_freertos/obj/port.o
                0x00000000000004c0                vPortSVCHandler
 .text.vPortEnterCritical
                0x00000000000004e4       0x44 _build_lpc40xx_freertos/obj/port.o
                0x00000000000004e4                vPortEnterCritical
 .text.vPortExitCritical
                0x0000000000000528       0x28 _build_lpc40xx_freertos/obj/port.o
                0x0000000000000528                vPortExitCritical
 .text.xPortPendSVHandler
                0x0000000000000550       0x64 _build_lpc40xx_freertos/obj/port.o
                0x0000000000000550                xPortPendSVHandler
 .text.xPortSysTickHandler
                0x00000000000005b4       0x2c _build_lpc40xx_freertos/obj/port.o
                0x00000000000005b4                xPortSysTickHandler
 .text.vPortSetupTimerInterrupt
                0x00000000000005e0       0x30 _build_lpc40xx_freertos/obj/port.o
                0x00000000000005e0                vPortSetupTimerInterrupt
 .text.xPortStartScheduler
                0x0000000000000610      0x100 _build_lpc40xx_freertos/obj/port.o
                0x0000000000000610                xPortStartScheduler
 .text.vPortValidateInterruptPriority
                0x0000000000000710       0x58 _build_lpc40xx_freertos/obj/port.o
                0x0000000000000710                vPortValidateInterruptPriority
 .text.pvPortMalloc
                0x0000000000000768       0x50 _build_lpc40xx_freertos/obj/heap_3.o
                0x0000000000000768                pvPortMalloc
 .text.vPortFree
                0x00000000000007b8       0x38 _build_lpc40xx_freertos/obj/heap_3.o
                0x00000000000007b8                vPortFree
 .text.vListInitialise
                0x00000000000007f0       0x16 _build_lpc40xx_freertos/obj/list.o
                0x00000000000007f0                vListInitialise
 .text.vListInitialiseItem
                0x0000000000000806        0x6 _build_lpc40xx_freertos/obj/list.o
                0x0000000000000806                vListInitialiseItem
 .text.vListInsertEnd
                0x000000000000080c       0x18 _build_lpc40xx_freertos/obj/list.o
                0x000000000000080c                vListInsertEnd
 .text.vListInsert
                0x0000000000000824       0x2e _build_lpc40xx_freertos/obj/list.o
                0x0000000000000824                vListInsert
 .text.uxListRemove
                0x0000000000000852       0x20 _build_lpc40xx_freertos/obj/list.o
                0x0000000000000852                uxListRemove
 .text.prvIsQueueEmpty
                0x0000000000000872       0x16 _build_lpc40xx_freertos/obj/queue.o
 .text.prvCopyDataToQueue
                0x0000000000000888       0x6a _build_lpc40xx_freertos/obj/queue.o
 .text.prvCopyDataFromQueue
                0x00000000000008f2       0x2a _build_lpc40xx_freertos/obj/queue.o
 .text.prvUnlockQueue
                0x000000000000091c       0x70 _build_lpc40xx_freertos/obj/queue.o
 .text.xQueueGenericReset
                0x000000000000098c       0x7c _build_lpc40xx_freertos/obj/queue.o
                0x000000000000098c                xQueueGenericReset
 .text.prvInitialiseNewQueue
                0x0000000000000a08       0x88 _build_lpc40xx_freertos/obj/queue.o
 .text.xQueueGenericCreateStatic
                0x0000000000000a90       0x80 _build_lpc40xx_freertos/obj/queue.o
                0x0000000000000a90                xQueueGenericCreateStatic
 .text.xQueueGenericCreate
                0x0000000000000b10       0x98 _build_lpc40xx_freertos/obj/queue.o
                0x0000000000000b10                xQueueGenericCreate
 .text.xQueueGenericSend
                0x0000000000000ba8      0x264 _build_lpc40xx_freertos/obj/queue.o
                0x0000000000000ba8                xQueueGenericSend
 .text.xQueueCreateMutexStatic
                0x0000000000000e0c       0x2a _build_lpc40xx_freertos/obj/queue.o
                0x0000000000000e0c                xQueueCreateMutexStatic
 .text.xQueueCreateMutex
                0x0000000000000e36       0x24 _build_lpc40xx_freertos/obj/queue.o
                0x0000000000000e36                xQueueCreateMutex
 *fill*         0x0000000000000e5a        0x2 ff
 .text.xQueueGenericSendFromISR
                0x0000000000000e5c      0x130 _build_lpc40xx_freertos/obj/queue.o
                0x0000000000000e5c                xQueueGenericSendFromISR
 .text.MyWrapper
                0x0000000000000f8c      0x124 _build_lpc40xx_freertos/obj/queue.o
                0x0000000000000f8c                MyWrapper
 .text.xQueueGiveFromISR
                0x00000000000010b0        0x6 _build_lpc40xx_freertos/obj/queue.o
                0x00000000000010b0                xQueueGiveFromISR
 *fill*         0x00000000000010b6        0x2 ff
 .text.xQueueReceive
                0x00000000000010b8      0x254 _build_lpc40xx_freertos/obj/queue.o
                0x00000000000010b8                xQueueReceive
 .text.xQueueSemaphoreTake
                0x000000000000130c      0x2f4 _build_lpc40xx_freertos/obj/queue.o
                0x000000000000130c                xQueueSemaphoreTake
 .text.xQueueReceiveFromISR
                0x0000000000001600      0x108 _build_lpc40xx_freertos/obj/queue.o
                0x0000000000001600                xQueueReceiveFromISR
 .text.uxQueueMessagesWaiting
                0x0000000000001708       0x24 _build_lpc40xx_freertos/obj/queue.o
                0x0000000000001708                uxQueueMessagesWaiting
 .text.vQueueDelete
                0x000000000000172c       0x7c _build_lpc40xx_freertos/obj/queue.o
                0x000000000000172c                vQueueDelete
 .text.uxQueueGetQueueNumber
                0x00000000000017a8        0x4 _build_lpc40xx_freertos/obj/queue.o
                0x00000000000017a8                uxQueueGetQueueNumber
 .text.vQueueSetQueueNumber
                0x00000000000017ac        0x4 _build_lpc40xx_freertos/obj/queue.o
                0x00000000000017ac                vQueueSetQueueNumber
 .text.prvSearchForNameWithinSingleList
                0x00000000000017b0       0x54 _build_lpc40xx_freertos/obj/tasks.o
 .text.prvResetRunTimeStatsInList
                0x0000000000001804       0x2e _build_lpc40xx_freertos/obj/tasks.o
 *fill*         0x0000000000001832        0x2 ff
 .text.prvAddNewTaskToReadyList
                0x0000000000001834      0x168 _build_lpc40xx_freertos/obj/tasks.o
 .text.prvIdleTask
                0x000000000000199c       0x28 _build_lpc40xx_freertos/obj/tasks.o
 .text.prvResetNextTaskUnblockTime
                0x00000000000019c4       0x24 _build_lpc40xx_freertos/obj/tasks.o
 .text.prvTaskIsTaskSuspended
                0x00000000000019e8       0x38 _build_lpc40xx_freertos/obj/tasks.o
 .text.prvInitialiseNewTask.isra.2
                0x0000000000001a20       0x98 _build_lpc40xx_freertos/obj/tasks.o
 .text.prvAddCurrentTaskToDelayedList
                0x0000000000001ab8       0x8c _build_lpc40xx_freertos/obj/tasks.o
 .text.xTaskCreateStatic
                0x0000000000001b44       0x6c _build_lpc40xx_freertos/obj/tasks.o
                0x0000000000001b44                xTaskCreateStatic
 .text.xTaskCreate
                0x0000000000001bb0       0x5a _build_lpc40xx_freertos/obj/tasks.o
                0x0000000000001bb0                xTaskCreate
 *fill*         0x0000000000001c0a        0x2 ff
 .text.eTaskGetState
                0x0000000000001c0c       0x6c _build_lpc40xx_freertos/obj/tasks.o
                0x0000000000001c0c                eTaskGetState
 .text.vTaskResume
                0x0000000000001c78       0xc0 _build_lpc40xx_freertos/obj/tasks.o
                0x0000000000001c78                vTaskResume
 .text.vTaskStartScheduler
                0x0000000000001d38       0xac _build_lpc40xx_freertos/obj/tasks.o
                0x0000000000001d38                vTaskStartScheduler
 .text.vTaskSuspendAll
                0x0000000000001de4       0x10 _build_lpc40xx_freertos/obj/tasks.o
                0x0000000000001de4                vTaskSuspendAll
 .text.xTaskIncrementTick
                0x0000000000001df4      0x160 _build_lpc40xx_freertos/obj/tasks.o
                0x0000000000001df4                xTaskIncrementTick
 .text.xTaskResumeAll
                0x0000000000001f54      0x108 _build_lpc40xx_freertos/obj/tasks.o
                0x0000000000001f54                xTaskResumeAll
 .text.vTaskDelay
                0x000000000000205c       0x68 _build_lpc40xx_freertos/obj/tasks.o
                0x000000000000205c                vTaskDelay
 .text.xTaskGetHandle
                0x00000000000020c4       0x7c _build_lpc40xx_freertos/obj/tasks.o
                0x00000000000020c4                xTaskGetHandle
 .text.vTaskSwitchContext
                0x0000000000002140       0xf4 _build_lpc40xx_freertos/obj/tasks.o
                0x0000000000002140                vTaskSwitchContext
 .text.vTaskSuspend
                0x0000000000002234       0xfc _build_lpc40xx_freertos/obj/tasks.o
                0x0000000000002234                vTaskSuspend
 .text.vTaskPlaceOnEventList
                0x0000000000002330       0x30 _build_lpc40xx_freertos/obj/tasks.o
                0x0000000000002330                vTaskPlaceOnEventList
 .text.xTaskRemoveFromEventList
                0x0000000000002360       0x9c _build_lpc40xx_freertos/obj/tasks.o
                0x0000000000002360                xTaskRemoveFromEventList
 .text.vTaskInternalSetTimeOutState
                0x00000000000023fc       0x18 _build_lpc40xx_freertos/obj/tasks.o
                0x00000000000023fc                vTaskInternalSetTimeOutState
 .text.xTaskCheckForTimeOut
                0x0000000000002414       0x74 _build_lpc40xx_freertos/obj/tasks.o
                0x0000000000002414                xTaskCheckForTimeOut
 .text.vTaskMissedYield
                0x0000000000002488        0xc _build_lpc40xx_freertos/obj/tasks.o
                0x0000000000002488                vTaskMissedYield
 .text.uxTaskGetTaskNumber
                0x0000000000002494        0x6 _build_lpc40xx_freertos/obj/tasks.o
                0x0000000000002494                uxTaskGetTaskNumber
 .text.vTaskSetTaskNumber
                0x000000000000249a        0x6 _build_lpc40xx_freertos/obj/tasks.o
                0x000000000000249a                vTaskSetTaskNumber
 .text.vTaskGetInfo
                0x00000000000024a0       0x7c _build_lpc40xx_freertos/obj/tasks.o
                0x00000000000024a0                vTaskGetInfo
 .text.prvListTasksWithinSingleList
                0x000000000000251c       0x5a _build_lpc40xx_freertos/obj/tasks.o
 *fill*         0x0000000000002576        0x2 ff
 .text.uxTaskGetSystemState
                0x0000000000002578       0x98 _build_lpc40xx_freertos/obj/tasks.o
                0x0000000000002578                uxTaskGetSystemState
 .text.uxTaskGetStackHighWaterMark
                0x0000000000002610       0x20 _build_lpc40xx_freertos/obj/tasks.o
                0x0000000000002610                uxTaskGetStackHighWaterMark
 .text.xTaskGetCurrentTaskHandle
                0x0000000000002630        0xc _build_lpc40xx_freertos/obj/tasks.o
                0x0000000000002630                xTaskGetCurrentTaskHandle
 .text.xTaskGetSchedulerState
                0x000000000000263c       0x20 _build_lpc40xx_freertos/obj/tasks.o
                0x000000000000263c                xTaskGetSchedulerState
 .text.xTaskPriorityInherit
                0x000000000000265c       0xf4 _build_lpc40xx_freertos/obj/tasks.o
                0x000000000000265c                xTaskPriorityInherit
 .text.xTaskPriorityDisinherit
                0x0000000000002750       0xe4 _build_lpc40xx_freertos/obj/tasks.o
                0x0000000000002750                xTaskPriorityDisinherit
 .text.vTaskPriorityDisinheritAfterTimeout
                0x0000000000002834       0xfc _build_lpc40xx_freertos/obj/tasks.o
                0x0000000000002834                vTaskPriorityDisinheritAfterTimeout
 .text.pvTaskIncrementMutexHeldCount
                0x0000000000002930       0x18 _build_lpc40xx_freertos/obj/tasks.o
                0x0000000000002930                pvTaskIncrementMutexHeldCount
 .text.vTaskResetRunTimeStats
                0x0000000000002948       0x6c _build_lpc40xx_freertos/obj/tasks.o
                0x0000000000002948                vTaskResetRunTimeStats
 .text.vRunTimeStatIsrEntry
                0x00000000000029b4       0x28 _build_lpc40xx_freertos/obj/tasks.o
                0x00000000000029b4                vRunTimeStatIsrEntry
 .text.vRunTimeStatIsrExit
                0x00000000000029dc       0x10 _build_lpc40xx_freertos/obj/tasks.o
                0x00000000000029dc                vRunTimeStatIsrExit
 .text.prvTraceGetTaskNumberHigh16
                0x00000000000029ec        0xa _build_lpc40xx_freertos/obj/trcKernelPort.o
                0x00000000000029ec                prvTraceGetTaskNumberHigh16
 .text.prvTraceSetTaskNumberHigh16
                0x00000000000029f6       0x1a _build_lpc40xx_freertos/obj/trcKernelPort.o
                0x00000000000029f6                prvTraceSetTaskNumberHigh16
 .text.prvTraceGetQueueNumberHigh16
                0x0000000000002a10        0xa _build_lpc40xx_freertos/obj/trcKernelPort.o
                0x0000000000002a10                prvTraceGetQueueNumberHigh16
 .text.prvTraceSetQueueNumberHigh16
                0x0000000000002a1a       0x1a _build_lpc40xx_freertos/obj/trcKernelPort.o
                0x0000000000002a1a                prvTraceSetQueueNumberHigh16
 .text.prvAddTaskToStackMonitor
                0x0000000000002a34       0x34 _build_lpc40xx_freertos/obj/trcKernelPort.o
                0x0000000000002a34                prvAddTaskToStackMonitor
 .text.prvReportStackUsage
                0x0000000000002a68       0x58 _build_lpc40xx_freertos/obj/trcKernelPort.o
                0x0000000000002a68                prvReportStackUsage
 .text.TzCtrl   0x0000000000002ac0       0x84 _build_lpc40xx_freertos/obj/trcKernelPort.o
 .text.vTraceEnable
                0x0000000000002b44       0x84 _build_lpc40xx_freertos/obj/trcKernelPort.o
                0x0000000000002b44                vTraceEnable
 .text.vTraceSetQueueName
                0x0000000000002bc8        0x4 _build_lpc40xx_freertos/obj/trcKernelPort.o
                0x0000000000002bc8                vTraceSetQueueName
 .text.vTraceSetMutexName
                0x0000000000002bcc        0x4 _build_lpc40xx_freertos/obj/trcKernelPort.o
                0x0000000000002bcc                vTraceSetMutexName
 .text.prvTraceGetCurrentTaskHandle
                0x0000000000002bd0        0x4 _build_lpc40xx_freertos/obj/trcKernelPort.o
                0x0000000000002bd0                prvTraceGetCurrentTaskHandle
 .text.prvIsNewTCB
                0x0000000000002bd4       0x14 _build_lpc40xx_freertos/obj/trcKernelPort.o
                0x0000000000002bd4                prvIsNewTCB
 .text.prvTraceIsSchedulerSuspended
                0x0000000000002be8        0xe _build_lpc40xx_freertos/obj/trcKernelPort.o
                0x0000000000002be8                prvTraceIsSchedulerSuspended
 *fill*         0x0000000000002bf6        0x2 ff
 .text.openFile
                0x0000000000002bf8       0x34 _build_lpc40xx_freertos/obj/trcStreamingPort.o
                0x0000000000002bf8                openFile
 .text.writeToFile
                0x0000000000002c2c       0x8c _build_lpc40xx_freertos/obj/trcStreamingPort.o
                0x0000000000002c2c                writeToFile
 .text.closeFile
                0x0000000000002cb8       0x1c _build_lpc40xx_freertos/obj/trcStreamingPort.o
                0x0000000000002cb8                closeFile
 .text.prvAllocateBufferPage
                0x0000000000002cd4       0x38 _build_lpc40xx_freertos/obj/trcStreamingRecorder.o
 .text.xTraceIsRecordingEnabled
                0x0000000000002d0c        0xc _build_lpc40xx_freertos/obj/trcStreamingRecorder.o
                0x0000000000002d0c                xTraceIsRecordingEnabled
 .text.prvTraceSaveObjectSymbol
                0x0000000000002d18       0x6c _build_lpc40xx_freertos/obj/trcStreamingRecorder.o
                0x0000000000002d18                prvTraceSaveObjectSymbol
 .text.prvTraceSaveSymbol
                0x0000000000002d84       0x38 _build_lpc40xx_freertos/obj/trcStreamingRecorder.o
                0x0000000000002d84                prvTraceSaveSymbol
 .text.prvTraceDeleteSymbol
                0x0000000000002dbc       0x6c _build_lpc40xx_freertos/obj/trcStreamingRecorder.o
                0x0000000000002dbc                prvTraceDeleteSymbol
 .text.prvTraceSaveObjectData
                0x0000000000002e28       0x60 _build_lpc40xx_freertos/obj/trcStreamingRecorder.o
                0x0000000000002e28                prvTraceSaveObjectData
 .text.prvPagedEventBufferGetWritePointer
                0x0000000000002e88       0x9c _build_lpc40xx_freertos/obj/trcStreamingRecorder.o
                0x0000000000002e88                prvPagedEventBufferGetWritePointer
 .text.prvTraceStoreStringEventHelper
                0x0000000000002f24       0xcc _build_lpc40xx_freertos/obj/trcStreamingRecorder.o
 .text.prvTraceStoreStringEvent
                0x0000000000002ff0       0x2c _build_lpc40xx_freertos/obj/trcStreamingRecorder.o
                0x0000000000002ff0                prvTraceStoreStringEvent
 .text.vTraceStoreKernelObjectName
                0x000000000000301c       0x1a _build_lpc40xx_freertos/obj/trcStreamingRecorder.o
                0x000000000000301c                vTraceStoreKernelObjectName
 .text.xTraceRegisterString
                0x0000000000003036       0x1a _build_lpc40xx_freertos/obj/trcStreamingRecorder.o
                0x0000000000003036                xTraceRegisterString
 .text.xTraceSetISRProperties
                0x0000000000003050       0x26 _build_lpc40xx_freertos/obj/trcStreamingRecorder.o
                0x0000000000003050                xTraceSetISRProperties
 *fill*         0x0000000000003076        0x2 ff
 .text.prvTraceStoreSimpleStringEventHelper
                0x0000000000003078       0xa8 _build_lpc40xx_freertos/obj/trcStreamingRecorder.o
                0x0000000000003078                prvTraceStoreSimpleStringEventHelper
 .text.prvTraceWarning
                0x0000000000003120       0x40 _build_lpc40xx_freertos/obj/trcStreamingRecorder.o
                0x0000000000003120                prvTraceWarning
 .text.prvPagedEventBufferInit
                0x0000000000003160       0x3c _build_lpc40xx_freertos/obj/trcStreamingRecorder.o
                0x0000000000003160                prvPagedEventBufferInit
 .text.prvSetRecorderEnabled
                0x000000000000319c      0x1e4 _build_lpc40xx_freertos/obj/trcStreamingRecorder.o
 .text.vTraceStop
                0x0000000000003380        0x6 _build_lpc40xx_freertos/obj/trcStreamingRecorder.o
                0x0000000000003380                vTraceStop
 *fill*         0x0000000000003386        0x2 ff
 .text.prvPagedEventBufferTransfer
                0x0000000000003388       0xc8 _build_lpc40xx_freertos/obj/trcStreamingRecorder.o
                0x0000000000003388                prvPagedEventBufferTransfer
 .text.prvProcessCommand
                0x0000000000003450        0xe _build_lpc40xx_freertos/obj/trcStreamingRecorder.o
                0x0000000000003450                prvProcessCommand
 *fill*         0x000000000000345e        0x2 ff
 .text.prvTraceError
                0x0000000000003460       0x58 _build_lpc40xx_freertos/obj/trcStreamingRecorder.o
                0x0000000000003460                prvTraceError
 .text.prvTraceStoreEvent1
                0x00000000000034b8       0x58 _build_lpc40xx_freertos/obj/trcStreamingRecorder.o
                0x00000000000034b8                prvTraceStoreEvent1
 .text.vTraceStoreISREnd
                0x0000000000003510       0x5c _build_lpc40xx_freertos/obj/trcStreamingRecorder.o
                0x0000000000003510                vTraceStoreISREnd
 .text.vTraceStoreISRBegin
                0x000000000000356c       0x54 _build_lpc40xx_freertos/obj/trcStreamingRecorder.o
                0x000000000000356c                vTraceStoreISRBegin
 .text.prvTraceStoreEvent2
                0x00000000000035c0       0x60 _build_lpc40xx_freertos/obj/trcStreamingRecorder.o
                0x00000000000035c0                prvTraceStoreEvent2
 .text.prvTraceStoreEvent3
                0x0000000000003620       0x64 _build_lpc40xx_freertos/obj/trcStreamingRecorder.o
                0x0000000000003620                prvTraceStoreEvent3
 .text.prvTraceInitCortexM
                0x0000000000003684       0x4c _build_lpc40xx_freertos/obj/trcStreamingRecorder.o
                0x0000000000003684                prvTraceInitCortexM
 .text.sl_string__initialize
                0x00000000000036d0       0x28 _build_lpc40xx_freertos/obj/sl_string.o
                0x00000000000036d0                sl_string__initialize
 .text.sl_string__get_capacity
                0x00000000000036f8       0x12 _build_lpc40xx_freertos/obj/sl_string.o
                0x00000000000036f8                sl_string__get_capacity
 .text.sl_string__get_capacity_including_null_char
                0x000000000000370a        0xc _build_lpc40xx_freertos/obj/sl_string.o
                0x000000000000370a                sl_string__get_capacity_including_null_char
 .text.sl_string__get_length
                0x0000000000003716        0xc _build_lpc40xx_freertos/obj/sl_string.o
                0x0000000000003716                sl_string__get_length
 .text.sl_string__is_full
                0x0000000000003722       0x1a _build_lpc40xx_freertos/obj/sl_string.o
                0x0000000000003722                sl_string__is_full
 .text.sl_string__to_int
                0x000000000000373c        0x4 _build_lpc40xx_freertos/obj/sl_string.o
                0x000000000000373c                sl_string__to_int
 .text.sl_string__clear
                0x0000000000003740        0x6 _build_lpc40xx_freertos/obj/sl_string.o
                0x0000000000003740                sl_string__clear
 .text.sl_string__vprintf
                0x0000000000003746       0x1c _build_lpc40xx_freertos/obj/sl_string.o
                0x0000000000003746                sl_string__vprintf
 .text.sl_string__printf
                0x0000000000003762       0x1a _build_lpc40xx_freertos/obj/sl_string.o
                0x0000000000003762                sl_string__printf
 .text.sl_string__scanf
                0x000000000000377c       0x22 _build_lpc40xx_freertos/obj/sl_string.o
                0x000000000000377c                sl_string__scanf
 .text.sl_string__set
                0x000000000000379e       0x2e _build_lpc40xx_freertos/obj/sl_string.o
                0x000000000000379e                sl_string__set
 .text.sl_string__initialize_from
                0x00000000000037cc       0x16 _build_lpc40xx_freertos/obj/sl_string.o
                0x00000000000037cc                sl_string__initialize_from
 .text.sl_string__insert_at
                0x00000000000037e2       0x54 _build_lpc40xx_freertos/obj/sl_string.o
                0x00000000000037e2                sl_string__insert_at
 .text.sl_string__append
                0x0000000000003836       0x38 _build_lpc40xx_freertos/obj/sl_string.o
                0x0000000000003836                sl_string__append
 .text.sl_string__append_char
                0x000000000000386e       0x18 _build_lpc40xx_freertos/obj/sl_string.o
                0x000000000000386e                sl_string__append_char
 .text.sl_string__equals_to_ignore_case
                0x0000000000003886       0x14 _build_lpc40xx_freertos/obj/sl_string.o
                0x0000000000003886                sl_string__equals_to_ignore_case
 .text.sl_string__begins_with_limited_chars
                0x000000000000389a       0x28 _build_lpc40xx_freertos/obj/sl_string.o
                0x000000000000389a                sl_string__begins_with_limited_chars
 .text.sl_string__begins_with_ignore_case
                0x00000000000038c2       0x2e _build_lpc40xx_freertos/obj/sl_string.o
                0x00000000000038c2                sl_string__begins_with_ignore_case
 .text.sl_string__begins_with_whole_word
                0x00000000000038f0       0x44 _build_lpc40xx_freertos/obj/sl_string.o
                0x00000000000038f0                sl_string__begins_with_whole_word
 .text.sl_string__ends_with_newline
                0x0000000000003934       0x22 _build_lpc40xx_freertos/obj/sl_string.o
                0x0000000000003934                sl_string__ends_with_newline
 .text.sl_string__erase_after
                0x0000000000003956       0x38 _build_lpc40xx_freertos/obj/sl_string.o
                0x0000000000003956                sl_string__erase_after
 .text.sl_string__erase_first
                0x000000000000398e        0x8 _build_lpc40xx_freertos/obj/sl_string.o
                0x000000000000398e                sl_string__erase_first
 .text.sl_string__erase_last
                0x0000000000003996       0x22 _build_lpc40xx_freertos/obj/sl_string.o
                0x0000000000003996                sl_string__erase_last
 .text.sl_string__erase_at_substring
                0x00000000000039b8       0x1c _build_lpc40xx_freertos/obj/sl_string.o
                0x00000000000039b8                sl_string__erase_at_substring
 .text.sl_string__erase_first_word
                0x00000000000039d4       0x1c _build_lpc40xx_freertos/obj/sl_string.o
                0x00000000000039d4                sl_string__erase_first_word
 .text.sl_string__erase_int
                0x00000000000039f0       0x50 _build_lpc40xx_freertos/obj/sl_string.o
                0x00000000000039f0                sl_string__erase_int
 .text.sl_string__trim_end
                0x0000000000003a40       0x40 _build_lpc40xx_freertos/obj/sl_string.o
                0x0000000000003a40                sl_string__trim_end
 .text.board_io__initialize
                0x0000000000003a80      0x104 _build_lpc40xx_freertos/obj/board_io.o
                0x0000000000003a80                board_io__initialize
 .text.board_io__sd_card_cs
                0x0000000000003b84       0x10 _build_lpc40xx_freertos/obj/board_io.o
                0x0000000000003b84                board_io__sd_card_cs
 .text.board_io__sd_card_ds
                0x0000000000003b94       0x10 _build_lpc40xx_freertos/obj/board_io.o
                0x0000000000003b94                board_io__sd_card_ds
 .text.board_io__sd_card_is_present
                0x0000000000003ba4       0x14 _build_lpc40xx_freertos/obj/board_io.o
                0x0000000000003ba4                board_io__sd_card_is_present
 .text.board_io__get_led0
                0x0000000000003bb8        0xc _build_lpc40xx_freertos/obj/board_io.o
                0x0000000000003bb8                board_io__get_led0
 .text.board_io__get_led1
                0x0000000000003bc4        0xc _build_lpc40xx_freertos/obj/board_io.o
                0x0000000000003bc4                board_io__get_led1
 .text.board_io__get_led2
                0x0000000000003bd0        0xc _build_lpc40xx_freertos/obj/board_io.o
                0x0000000000003bd0                board_io__get_led2
 .text.board_io__get_led3
                0x0000000000003bdc        0xc _build_lpc40xx_freertos/obj/board_io.o
                0x0000000000003bdc                board_io__get_led3
 .text.gpio__set_function
                0x0000000000003be8       0x2a _build_lpc40xx_freertos/obj/gpio.o
                0x0000000000003be8                gpio__set_function
 .text.gpio__construct_with_function
                0x0000000000003c12       0x2a _build_lpc40xx_freertos/obj/gpio.o
                0x0000000000003c12                gpio__construct_with_function
 .text.gpio__enable_open_drain
                0x0000000000003c3c       0x20 _build_lpc40xx_freertos/obj/gpio.o
                0x0000000000003c3c                gpio__enable_open_drain
 .text.gpio__enable_pull_down_resistors
                0x0000000000003c5c       0x28 _build_lpc40xx_freertos/obj/gpio.o
                0x0000000000003c5c                gpio__enable_pull_down_resistors
 .text.gpio__set_as_input
                0x0000000000003c84       0x24 _build_lpc40xx_freertos/obj/gpio.o
                0x0000000000003c84                gpio__set_as_input
 .text.gpio__construct_as_input
                0x0000000000003ca8       0x28 _build_lpc40xx_freertos/obj/gpio.o
                0x0000000000003ca8                gpio__construct_as_input
 .text.gpio__set_as_output
                0x0000000000003cd0       0x20 _build_lpc40xx_freertos/obj/gpio.o
                0x0000000000003cd0                gpio__set_as_output
 .text.gpio__construct_as_output
                0x0000000000003cf0       0x28 _build_lpc40xx_freertos/obj/gpio.o
                0x0000000000003cf0                gpio__construct_as_output
 .text.gpio__get
                0x0000000000003d18       0x24 _build_lpc40xx_freertos/obj/gpio.o
                0x0000000000003d18                gpio__get
 .text.gpio__set
                0x0000000000003d3c       0x1c _build_lpc40xx_freertos/obj/gpio.o
                0x0000000000003d3c                gpio__set
 .text.gpio__reset
                0x0000000000003d58       0x1c _build_lpc40xx_freertos/obj/gpio.o
                0x0000000000003d58                gpio__reset
 .text.gpio__toggle
                0x0000000000003d74       0x1e _build_lpc40xx_freertos/obj/gpio.o
                0x0000000000003d74                gpio__toggle
 *fill*         0x0000000000003d92        0x2 ff
 .text.hw_timer__enable
                0x0000000000003d94       0x48 _build_lpc40xx_freertos/obj/hw_timer.o
                0x0000000000003d94                hw_timer__enable
 .text.hw_timer__enable_match_isr
                0x0000000000003ddc       0x24 _build_lpc40xx_freertos/obj/hw_timer.o
                0x0000000000003ddc                hw_timer__enable_match_isr
 .text.hw_timer__acknowledge_interrupt
                0x0000000000003e00       0x18 _build_lpc40xx_freertos/obj/hw_timer.o
                0x0000000000003e00                hw_timer__acknowledge_interrupt
 .text.hw_timer__get_value
                0x0000000000003e18       0x10 _build_lpc40xx_freertos/obj/hw_timer.o
                0x0000000000003e18                hw_timer__get_value
 .text.hw_timer__set_value
                0x0000000000003e28       0x10 _build_lpc40xx_freertos/obj/hw_timer.o
                0x0000000000003e28                hw_timer__set_value
 .text.i2c__transfer_unprotected
                0x0000000000003e38       0x5e _build_lpc40xx_freertos/obj/i2c.o
 *fill*         0x0000000000003e96        0x2 ff
 .text.i2c__handle_interrupt
                0x0000000000003e98      0x1c4 _build_lpc40xx_freertos/obj/i2c.o
 .text.i2c2_isr
                0x000000000000405c        0xc _build_lpc40xx_freertos/obj/i2c.o
 .text.i2c1_isr
                0x0000000000004068        0xc _build_lpc40xx_freertos/obj/i2c.o
 .text.i2c0_isr
                0x0000000000004074        0xc _build_lpc40xx_freertos/obj/i2c.o
 .text.i2c__initialize
                0x0000000000004080       0xbc _build_lpc40xx_freertos/obj/i2c.o
                0x0000000000004080                i2c__initialize
 .text.i2c__read_slave_data
                0x000000000000413c       0x58 _build_lpc40xx_freertos/obj/i2c.o
                0x000000000000413c                i2c__read_slave_data
 .text.i2c__read_single
                0x0000000000004194       0x1e _build_lpc40xx_freertos/obj/i2c.o
                0x0000000000004194                i2c__read_single
 *fill*         0x00000000000041b2        0x2 ff
 .text.i2c__write_slave_data
                0x00000000000041b4       0x50 _build_lpc40xx_freertos/obj/i2c.o
                0x00000000000041b4                i2c__write_slave_data
 .text.i2c__detect
                0x0000000000004204       0x18 _build_lpc40xx_freertos/obj/i2c.o
                0x0000000000004204                i2c__detect
 .text.i2c__write_single
                0x000000000000421c       0x18 _build_lpc40xx_freertos/obj/i2c.o
                0x000000000000421c                i2c__write_single
 .text.lpc_peripheral__halt_handler
                0x0000000000004234        0x2 _build_lpc40xx_freertos/obj/lpc_peripherals.o
 *fill*         0x0000000000004236        0x2 ff
 .text.lpc_peripheral__interrupt_dispatcher
                0x0000000000004238       0x48 _build_lpc40xx_freertos/obj/lpc_peripherals.o
                0x0000000000004238                lpc_peripheral__interrupt_dispatcher
 .text.lpc_peripheral__turn_on_power_to
                0x0000000000004280       0x24 _build_lpc40xx_freertos/obj/lpc_peripherals.o
                0x0000000000004280                lpc_peripheral__turn_on_power_to
 .text.lpc_peripheral__is_powered_on
                0x00000000000042a4       0x24 _build_lpc40xx_freertos/obj/lpc_peripherals.o
                0x00000000000042a4                lpc_peripheral__is_powered_on
 .text.lpc_peripheral__enable_interrupt
                0x00000000000042c8       0x44 _build_lpc40xx_freertos/obj/lpc_peripherals.o
                0x00000000000042c8                lpc_peripheral__enable_interrupt
 .text.ssp2__dma_transfer_block
                0x000000000000430c       0x98 _build_lpc40xx_freertos/obj/ssp2.o
 .text.ssp2__set_max_clock
                0x00000000000043a4       0x2c _build_lpc40xx_freertos/obj/ssp2.o
                0x00000000000043a4                ssp2__set_max_clock
 .text.ssp2__initialize
                0x00000000000043d0       0x44 _build_lpc40xx_freertos/obj/ssp2.o
                0x00000000000043d0                ssp2__initialize
 .text.ssp2__exchange_byte
                0x0000000000004414       0x14 _build_lpc40xx_freertos/obj/ssp2.o
                0x0000000000004414                ssp2__exchange_byte
 .text.ssp2__dma_write_block
                0x0000000000004428        0x6 _build_lpc40xx_freertos/obj/ssp2.o
                0x0000000000004428                ssp2__dma_write_block
 .text.ssp2__dma_read_block
                0x000000000000442e        0x6 _build_lpc40xx_freertos/obj/ssp2.o
                0x000000000000442e                ssp2__dma_read_block
 .text.uart__isr_common
                0x0000000000004434       0x94 _build_lpc40xx_freertos/obj/uart.o
 .text.uart3_isr
                0x00000000000044c8        0xc _build_lpc40xx_freertos/obj/uart.o
 .text.uart2_isr
                0x00000000000044d4        0xc _build_lpc40xx_freertos/obj/uart.o
 .text.uart1_isr
                0x00000000000044e0        0xc _build_lpc40xx_freertos/obj/uart.o
 .text.uart0_isr
                0x00000000000044ec        0xc _build_lpc40xx_freertos/obj/uart.o
 .text.uart__init
                0x00000000000044f8       0x58 _build_lpc40xx_freertos/obj/uart.o
                0x00000000000044f8                uart__init
 .text.uart__is_initialized
                0x0000000000004550       0x28 _build_lpc40xx_freertos/obj/uart.o
                0x0000000000004550                uart__is_initialized
 .text.uart__is_transmit_queue_initialized
                0x0000000000004578       0x14 _build_lpc40xx_freertos/obj/uart.o
                0x0000000000004578                uart__is_transmit_queue_initialized
 .text.uart__enable_queues
                0x000000000000458c       0xc4 _build_lpc40xx_freertos/obj/uart.o
                0x000000000000458c                uart__enable_queues
 .text.uart__polled_put
                0x0000000000004650       0x24 _build_lpc40xx_freertos/obj/uart.o
                0x0000000000004650                uart__polled_put
 .text.uart__get
                0x0000000000004674       0x4c _build_lpc40xx_freertos/obj/uart.o
                0x0000000000004674                uart__get
 .text.uart__polled_get
                0x00000000000046c0       0x54 _build_lpc40xx_freertos/obj/uart.o
                0x00000000000046c0                uart__polled_get
 .text.uart__put
                0x0000000000004714       0x7c _build_lpc40xx_freertos/obj/uart.o
                0x0000000000004714                uart__put
 .text.app_cli__private_print_list_of_all_commands
                0x0000000000004790       0x98 _build_lpc40xx_freertos/obj/app_cli.o
 .text.app_cli__initialize
                0x0000000000004828       0x16 _build_lpc40xx_freertos/obj/app_cli.o
                0x0000000000004828                app_cli__initialize
 .text.app_cli__add_command_handler
                0x000000000000483e        0xa _build_lpc40xx_freertos/obj/app_cli.o
                0x000000000000483e                app_cli__add_command_handler
 .text.app_cli__process_input
                0x0000000000004848      0x134 _build_lpc40xx_freertos/obj/app_cli.o
                0x0000000000004848                app_cli__process_input
 .text.sj2_cli__output_function
                0x000000000000497c       0x12 _build_lpc40xx_freertos/obj/sj2_cli.o
 *fill*         0x000000000000498e        0x2 ff
 .text.sj2_cli__task
                0x0000000000004990       0x78 _build_lpc40xx_freertos/obj/sj2_cli.o
 .text.sj2_cli__init
                0x0000000000004a08       0xa0 _build_lpc40xx_freertos/obj/sj2_cli.o
                0x0000000000004a08                sj2_cli__init
 .text.cli__i2c_read
                0x0000000000004aa8       0xc8 _build_lpc40xx_freertos/obj/handler_i2c.o
 .text.cli__i2c_write
                0x0000000000004b70       0xe8 _build_lpc40xx_freertos/obj/handler_i2c.o
 .text.cli__i2c
                0x0000000000004c58       0x48 _build_lpc40xx_freertos/obj/handler_i2c.o
                0x0000000000004c58                cli__i2c
 .text.cli__crash_me
                0x0000000000004ca0       0x10 _build_lpc40xx_freertos/obj/handlers_general.o
                0x0000000000004ca0                cli__crash_me
 .text.cli__scan_dir
                0x0000000000004cb0       0xac _build_lpc40xx_freertos/obj/handlers_general.o
                0x0000000000004cb0                cli__scan_dir
 .text.cli__task_control
                0x0000000000004d5c       0x78 _build_lpc40xx_freertos/obj/handlers_general.o
                0x0000000000004d5c                cli__task_control
 .text.cli__task_list
                0x0000000000004dd4       0xdc _build_lpc40xx_freertos/obj/handlers_general.o
                0x0000000000004dd4                cli__task_list
 .text.ld_dword
                0x0000000000004eb0       0x10 _build_lpc40xx_freertos/obj/ff.o
 .text.st_dword
                0x0000000000004ec0       0x10 _build_lpc40xx_freertos/obj/ff.o
 .text.mem_cmp  0x0000000000004ed0       0x1c _build_lpc40xx_freertos/obj/ff.o
 .text.clst2sect
                0x0000000000004eec       0x16 _build_lpc40xx_freertos/obj/ff.o
 .text.sum_sfn  0x0000000000004f02       0x1e _build_lpc40xx_freertos/obj/ff.o
 .text.get_ldnumber
                0x0000000000004f20       0x2a _build_lpc40xx_freertos/obj/ff.o
 .text.mem_cpy.part.0
                0x0000000000004f4a       0x12 _build_lpc40xx_freertos/obj/ff.o
 .text.ld_clust.isra.3
                0x0000000000004f5c       0x1c _build_lpc40xx_freertos/obj/ff.o
 .text.st_clust.isra.4
                0x0000000000004f78       0x18 _build_lpc40xx_freertos/obj/ff.o
 .text.sync_window.part.6
                0x0000000000004f90       0x40 _build_lpc40xx_freertos/obj/ff.o
 .text.move_window
                0x0000000000004fd0       0x44 _build_lpc40xx_freertos/obj/ff.o
 .text.check_fs
                0x0000000000005014       0x74 _build_lpc40xx_freertos/obj/ff.o
 .text.find_volume
                0x0000000000005088      0x2c0 _build_lpc40xx_freertos/obj/ff.o
 .text.put_fat  0x0000000000005348       0xf8 _build_lpc40xx_freertos/obj/ff.o
 .text.get_fat.isra.10
                0x0000000000005440       0xb4 _build_lpc40xx_freertos/obj/ff.o
 .text.dir_sdi  0x00000000000054f4       0x82 _build_lpc40xx_freertos/obj/ff.o
 .text.create_chain
                0x0000000000005576       0xe8 _build_lpc40xx_freertos/obj/ff.o
 .text.remove_chain
                0x000000000000565e       0x6e _build_lpc40xx_freertos/obj/ff.o
 .text.unlock_fs
                0x00000000000056cc       0x16 _build_lpc40xx_freertos/obj/ff.o
 .text.validate
                0x00000000000056e2       0x50 _build_lpc40xx_freertos/obj/ff.o
 .text.get_fileinfo
                0x0000000000005732      0x13c _build_lpc40xx_freertos/obj/ff.o
 .text.dir_clear
                0x000000000000586e       0x5c _build_lpc40xx_freertos/obj/ff.o
 .text.dir_next
                0x00000000000058ca       0xaa _build_lpc40xx_freertos/obj/ff.o
 .text.dir_find
                0x0000000000005974      0x148 _build_lpc40xx_freertos/obj/ff.o
 .text.dir_read.constprop.15
                0x0000000000005abc      0x11c _build_lpc40xx_freertos/obj/ff.o
 .text.follow_path
                0x0000000000005bd8      0x294 _build_lpc40xx_freertos/obj/ff.o
 .text.sync_fs  0x0000000000005e6c       0xa0 _build_lpc40xx_freertos/obj/ff.o
 .text.dir_register
                0x0000000000005f0c      0x288 _build_lpc40xx_freertos/obj/ff.o
 .text.f_mount  0x0000000000006194       0x70 _build_lpc40xx_freertos/obj/ff.o
                0x0000000000006194                f_mount
 .text.f_open   0x0000000000006204      0x1cc _build_lpc40xx_freertos/obj/ff.o
                0x0000000000006204                f_open
 .text.f_read   0x00000000000063d0      0x17c _build_lpc40xx_freertos/obj/ff.o
                0x00000000000063d0                f_read
 .text.f_write  0x000000000000654c      0x1a2 _build_lpc40xx_freertos/obj/ff.o
                0x000000000000654c                f_write
 .text.f_sync   0x00000000000066ee       0xa2 _build_lpc40xx_freertos/obj/ff.o
                0x00000000000066ee                f_sync
 .text.f_close  0x0000000000006790       0x28 _build_lpc40xx_freertos/obj/ff.o
                0x0000000000006790                f_close
 .text.f_opendir
                0x00000000000067b8       0x7e _build_lpc40xx_freertos/obj/ff.o
                0x00000000000067b8                f_opendir
 .text.f_closedir
                0x0000000000006836       0x1e _build_lpc40xx_freertos/obj/ff.o
                0x0000000000006836                f_closedir
 .text.f_readdir
                0x0000000000006854       0x5a _build_lpc40xx_freertos/obj/ff.o
                0x0000000000006854                f_readdir
 *fill*         0x00000000000068ae        0x2 ff
 .text.ff_cre_syncobj
                0x00000000000068b0       0x20 _build_lpc40xx_freertos/obj/ffsystem.o
                0x00000000000068b0                ff_cre_syncobj
 .text.ff_del_syncobj
                0x00000000000068d0        0xa _build_lpc40xx_freertos/obj/ffsystem.o
                0x00000000000068d0                ff_del_syncobj
 .text.ff_req_grant
                0x00000000000068da       0x12 _build_lpc40xx_freertos/obj/ffsystem.o
                0x00000000000068da                ff_req_grant
 .text.ff_rel_grant
                0x00000000000068ec        0xa _build_lpc40xx_freertos/obj/ffsystem.o
                0x00000000000068ec                ff_rel_grant
 *fill*         0x00000000000068f6        0x2 ff
 .text.ff_uni2oem
                0x00000000000068f8       0x40 _build_lpc40xx_freertos/obj/ffunicode.o
                0x00000000000068f8                ff_uni2oem
 .text.ff_oem2uni
                0x0000000000006938       0x28 _build_lpc40xx_freertos/obj/ffunicode.o
                0x0000000000006938                ff_oem2uni
 .text.ff_wtoupper
                0x0000000000006960       0x8c _build_lpc40xx_freertos/obj/ffunicode.o
                0x0000000000006960                ff_wtoupper
 .text.disk_initialize
                0x00000000000069ec       0x1c _build_lpc40xx_freertos/obj/disk_glue_logic.o
                0x00000000000069ec                disk_initialize
 .text.disk_status
                0x0000000000006a08        0xa _build_lpc40xx_freertos/obj/disk_glue_logic.o
                0x0000000000006a08                disk_status
 .text.disk_read
                0x0000000000006a12       0x28 _build_lpc40xx_freertos/obj/disk_glue_logic.o
                0x0000000000006a12                disk_read
 .text.disk_write
                0x0000000000006a3a       0x28 _build_lpc40xx_freertos/obj/disk_glue_logic.o
                0x0000000000006a3a                disk_write
 .text.disk_ioctl
                0x0000000000006a62       0x24 _build_lpc40xx_freertos/obj/disk_glue_logic.o
                0x0000000000006a62                disk_ioctl
 .text.get_fattime
                0x0000000000006a86        0x4 _build_lpc40xx_freertos/obj/fatfs_time.o
                0x0000000000006a86                get_fattime
 .text.sd_card__wait_for_ready
                0x0000000000006a8a       0x28 _build_lpc40xx_freertos/obj/sd_card.o
 *fill*         0x0000000000006ab2        0x2 ff
 .text.sd_card__power_off
                0x0000000000006ab4       0x20 _build_lpc40xx_freertos/obj/sd_card.o
 .text.sd_card__transmit_datablock
                0x0000000000006ad4       0x5a _build_lpc40xx_freertos/obj/sd_card.o
 .text.sd_card__send_command
                0x0000000000006b2e       0x86 _build_lpc40xx_freertos/obj/sd_card.o
 .text.sd_card__read_datablock
                0x0000000000006bb4       0x42 _build_lpc40xx_freertos/obj/sd_card.o
 *fill*         0x0000000000006bf6        0x2 ff
 .text.sd_card__update_status
                0x0000000000006bf8       0x20 _build_lpc40xx_freertos/obj/sd_card.o
                0x0000000000006bf8                sd_card__update_status
 .text.sd_card__initialize
                0x0000000000006c18      0x13c _build_lpc40xx_freertos/obj/sd_card.o
                0x0000000000006c18                sd_card__initialize
 .text.sd_card__status
                0x0000000000006d54       0x10 _build_lpc40xx_freertos/obj/sd_card.o
                0x0000000000006d54                sd_card__status
 .text.sd_card__read
                0x0000000000006d64       0x8c _build_lpc40xx_freertos/obj/sd_card.o
                0x0000000000006d64                sd_card__read
 .text.sd_card__write
                0x0000000000006df0       0xa8 _build_lpc40xx_freertos/obj/sd_card.o
                0x0000000000006df0                sd_card__write
 .text.sd_card__ioctl
                0x0000000000006e98      0x200 _build_lpc40xx_freertos/obj/sd_card.o
                0x0000000000006e98                sd_card__ioctl
 .text.system_calls__print_and_halt
                0x0000000000007098       0x1e _build_lpc40xx_freertos/obj/system_calls.o
 *fill*         0x00000000000070b6        0x2 ff
 .text._isatty  0x00000000000070b8       0x28 _build_lpc40xx_freertos/obj/system_calls.o
                0x00000000000070b8                _isatty
 .text._write   0x00000000000070e0       0x70 _build_lpc40xx_freertos/obj/system_calls.o
                0x00000000000070e0                _write
 .text._read    0x0000000000007150       0x1c _build_lpc40xx_freertos/obj/system_calls.o
                0x0000000000007150                _read
 .text.acceleration__init
                0x000000000000716c       0x22 _build_lpc40xx_freertos/obj/acceleration.o
                0x000000000000716c                acceleration__init
 .text.acceleration__get_data
                0x000000000000718e       0x6a _build_lpc40xx_freertos/obj/acceleration.o
                0x000000000000718e                acceleration__get_data
 .text.sensors__init
                0x00000000000071f8        0x4 _build_lpc40xx_freertos/obj/sensors.o
                0x00000000000071f8                sensors__init
 .text.delay__us
                0x00000000000071fc       0x40 _build_lpc40xx_freertos/obj/delay.o
                0x00000000000071fc                delay__us
 .text.delay__ms
                0x000000000000723c        0xc _build_lpc40xx_freertos/obj/delay.o
                0x000000000000723c                delay__ms
 .text.peripherals_init
                0x0000000000007248      0x120 _build_lpc40xx_freertos/obj/peripherals_init.o
                0x0000000000007248                peripherals_init
 .text.spi2_mutex__acquire
                0x0000000000007368       0x3c _build_lpc40xx_freertos/obj/ssp2_mutex.o
                0x0000000000007368                spi2_mutex__acquire
 .text.spi2_mutex__release
                0x00000000000073a4       0x24 _build_lpc40xx_freertos/obj/ssp2_mutex.o
                0x00000000000073a4                spi2_mutex__release
 .text.sys_time__one_minute_isr
                0x00000000000073c8       0x24 _build_lpc40xx_freertos/obj/sys_time.o
 .text.sys_time__init
                0x00000000000073ec       0x2c _build_lpc40xx_freertos/obj/sys_time.o
                0x00000000000073ec                sys_time__init
 .text.sys_time__get_uptime_us
                0x0000000000007418       0x2c _build_lpc40xx_freertos/obj/sys_time.o
                0x0000000000007418                sys_time__get_uptime_us
 .text.sys_time__get_uptime_ms
                0x0000000000007444       0x12 _build_lpc40xx_freertos/obj/sys_time.o
                0x0000000000007444                sys_time__get_uptime_ms
 .text.uart_puts__polled
                0x0000000000007456       0x2a _build_lpc40xx_freertos/obj/uart_printf.o
                0x0000000000007456                uart_puts__polled
 .text.read_ACC_CTL_PIN
                0x0000000000007480       0x20 _build_lpc40xx_freertos/obj/Control_Button.o
                0x0000000000007480                read_ACC_CTL_PIN
 .text.read_button_left
                0x00000000000074a0       0x20 _build_lpc40xx_freertos/obj/Control_Button.o
                0x00000000000074a0                read_button_left
 .text.read_button_play_pause
                0x00000000000074c0       0x20 _build_lpc40xx_freertos/obj/Control_Button.o
                0x00000000000074c0                read_button_play_pause
 .text.read_button_right
                0x00000000000074e0       0x20 _build_lpc40xx_freertos/obj/Control_Button.o
                0x00000000000074e0                read_button_right
 .text.read_button_up
                0x0000000000007500       0x20 _build_lpc40xx_freertos/obj/Control_Button.o
                0x0000000000007500                read_button_up
 .text.read_button_down
                0x0000000000007520       0x20 _build_lpc40xx_freertos/obj/Control_Button.o
                0x0000000000007520                read_button_down
 .text.read_button_back
                0x0000000000007540       0x20 _build_lpc40xx_freertos/obj/Control_Button.o
                0x0000000000007540                read_button_back
 .text.read_button_option
                0x0000000000007560       0x20 _build_lpc40xx_freertos/obj/Control_Button.o
                0x0000000000007560                read_button_option
 .text.get_button_val
                0x0000000000007580       0x70 _build_lpc40xx_freertos/obj/Control_Button.o
                0x0000000000007580                get_button_val
 .text.acc_interpret_input
                0x00000000000075f0       0x9c _build_lpc40xx_freertos/obj/accel_control.o
                0x00000000000075f0                acc_interpret_input
 .text.dec_getlevel_dreq
                0x000000000000768c       0x10 _build_lpc40xx_freertos/obj/audio_decoder.o
                0x000000000000768c                dec_getlevel_dreq
 .text.decoder_needs_data
                0x000000000000769c        0x4 _build_lpc40xx_freertos/obj/audio_decoder.o
                0x000000000000769c                decoder_needs_data
 .text.dec_cs   0x00000000000076a0       0x40 _build_lpc40xx_freertos/obj/audio_decoder.o
                0x00000000000076a0                dec_cs
 .text.dec_ds   0x00000000000076e0       0x38 _build_lpc40xx_freertos/obj/audio_decoder.o
                0x00000000000076e0                dec_ds
 .text.dec_write_command
                0x0000000000007718       0x3a _build_lpc40xx_freertos/obj/audio_decoder.o
                0x0000000000007718                dec_write_command
 .text.dec_stop_decoding_current_file
                0x0000000000007752        0xa _build_lpc40xx_freertos/obj/audio_decoder.o
                0x0000000000007752                dec_stop_decoding_current_file
 .text.dec_set_VOLUME_
                0x000000000000775c       0x1c _build_lpc40xx_freertos/obj/audio_decoder.o
                0x000000000000775c                dec_set_VOLUME_
 .text.dec_set_BASS_TREBLE
                0x0000000000007778       0x26 _build_lpc40xx_freertos/obj/audio_decoder.o
                0x0000000000007778                dec_set_BASS_TREBLE
 .text.dec_init_command
                0x000000000000779e       0x38 _build_lpc40xx_freertos/obj/audio_decoder.o
                0x000000000000779e                dec_init_command
 *fill*         0x00000000000077d6        0x2 ff
 .text.dec_dcs  0x00000000000077d8       0x44 _build_lpc40xx_freertos/obj/audio_decoder.o
                0x00000000000077d8                dec_dcs
 .text.dec_dds  0x000000000000781c       0x3c _build_lpc40xx_freertos/obj/audio_decoder.o
                0x000000000000781c                dec_dds
 .text.dec_rst  0x0000000000007858       0x44 _build_lpc40xx_freertos/obj/audio_decoder.o
                0x0000000000007858                dec_rst
 .text.dec_dreq_set_as_input
                0x000000000000789c       0x24 _build_lpc40xx_freertos/obj/audio_decoder.o
                0x000000000000789c                dec_dreq_set_as_input
 .text.dec_init
                0x00000000000078c0       0x38 _build_lpc40xx_freertos/obj/audio_decoder.o
                0x00000000000078c0                dec_init
 .text.dec_write_read
                0x00000000000078f8       0x48 _build_lpc40xx_freertos/obj/audio_decoder.o
                0x00000000000078f8                dec_write_read
 .text.gpiox__attach_interrupt
                0x0000000000007940       0x70 _build_lpc40xx_freertos/obj/gpio_isr.o
                0x0000000000007940                gpiox__attach_interrupt
 .text.check_all_int_pin
                0x00000000000079b0       0xc0 _build_lpc40xx_freertos/obj/gpio_isr.o
                0x00000000000079b0                check_all_int_pin
 .text.gpiox__interrupt_dispatcher
                0x0000000000007a70       0x70 _build_lpc40xx_freertos/obj/gpio_isr.o
                0x0000000000007a70                gpiox__interrupt_dispatcher
 .text.check_pin
                0x0000000000007ae0       0x24 _build_lpc40xx_freertos/obj/gpio_lab.o
                0x0000000000007ae0                check_pin
 .text.gpiox__set_high
                0x0000000000007b04       0x64 _build_lpc40xx_freertos/obj/gpio_lab.o
                0x0000000000007b04                gpiox__set_high
 .text.gpiox__set_low
                0x0000000000007b68       0x64 _build_lpc40xx_freertos/obj/gpio_lab.o
                0x0000000000007b68                gpiox__set_low
 .text.gpiox__get_level
                0x0000000000007bcc       0x68 _build_lpc40xx_freertos/obj/gpio_lab.o
                0x0000000000007bcc                gpiox__get_level
 .text.func_set_gpiox__iocon
                0x0000000000007c34       0x30 _build_lpc40xx_freertos/obj/gpio_lab.o
                0x0000000000007c34                func_set_gpiox__iocon
 .text.gpiox__set_as_input
                0x0000000000007c64       0x6c _build_lpc40xx_freertos/obj/gpio_lab.o
                0x0000000000007c64                gpiox__set_as_input
 .text.gpiox__set_as_output
                0x0000000000007cd0       0x6c _build_lpc40xx_freertos/obj/gpio_lab.o
                0x0000000000007cd0                gpiox__set_as_output
 .text.gpiox__setINT_Trigger_level
                0x0000000000007d3c       0x7c _build_lpc40xx_freertos/obj/gpio_lab.o
                0x0000000000007d3c                gpiox__setINT_Trigger_level
 .text.Check_signle_Int_Status
                0x0000000000007db8       0x64 _build_lpc40xx_freertos/obj/gpio_lab.o
                0x0000000000007db8                Check_signle_Int_Status
 .text.Check_all_Int_Status
                0x0000000000007e1c       0x10 _build_lpc40xx_freertos/obj/gpio_lab.o
                0x0000000000007e1c                Check_all_Int_Status
 .text.Clear_Int
                0x0000000000007e2c       0x4c _build_lpc40xx_freertos/obj/gpio_lab.o
                0x0000000000007e2c                Clear_Int
 .text.i2c_slave_callback__read_memory
                0x0000000000007e78       0x10 _build_lpc40xx_freertos/obj/i2c_slave_functions.o
                0x0000000000007e78                i2c_slave_callback__read_memory
 .text.i2c_slave_callback__write_memory
                0x0000000000007e88        0xc _build_lpc40xx_freertos/obj/i2c_slave_functions.o
                0x0000000000007e88                i2c_slave_callback__write_memory
 .text.Control_Button_GPIO2_Interrupt
                0x0000000000007e94       0x24 _build_lpc40xx_freertos/obj/main.o
                0x0000000000007e94                Control_Button_GPIO2_Interrupt
 .text.oled_print
                0x0000000000007eb8       0x1c _build_lpc40xx_freertos/obj/main.o
                0x0000000000007eb8                oled_print
 .text.song_reader_task
                0x0000000000007ed4       0xc0 _build_lpc40xx_freertos/obj/main.o
                0x0000000000007ed4                song_reader_task
 .text.song_player_task
                0x0000000000007f94       0x64 _build_lpc40xx_freertos/obj/main.o
                0x0000000000007f94                song_player_task
 .text.task_spi_task
                0x0000000000007ff8       0x32 _build_lpc40xx_freertos/obj/main.o
                0x0000000000007ff8                task_spi_task
 *fill*         0x000000000000802a        0x2 ff
 .text.cli__playsong
                0x000000000000802c       0x58 _build_lpc40xx_freertos/obj/main.o
                0x000000000000802c                cli__playsong
 .text.startup.main
                0x0000000000008084      0x1d0 _build_lpc40xx_freertos/obj/main.o
                0x0000000000008084                main
 .text.OLED_CS  0x0000000000008254       0x20 _build_lpc40xx_freertos/obj/oled_spi.o
                0x0000000000008254                OLED_CS
 .text.OLED_DS  0x0000000000008274       0x20 _build_lpc40xx_freertos/obj/oled_spi.o
                0x0000000000008274                OLED_DS
 .text.OLED_DC  0x0000000000008294       0x2c _build_lpc40xx_freertos/obj/oled_spi.o
                0x0000000000008294                OLED_DC
 .text.OLED_RST
                0x00000000000082c0       0x3c _build_lpc40xx_freertos/obj/oled_spi.o
                0x00000000000082c0                OLED_RST
 .text.OLED_Send_Data
                0x00000000000082fc       0x1c _build_lpc40xx_freertos/obj/oled_spi.o
                0x00000000000082fc                OLED_Send_Data
 .text.OLED_Send_Command
                0x0000000000008318       0x1c _build_lpc40xx_freertos/obj/oled_spi.o
                0x0000000000008318                OLED_Send_Command
 .text.OLED_CLR_Screen
                0x0000000000008334       0x4a _build_lpc40xx_freertos/obj/oled_spi.o
                0x0000000000008334                OLED_CLR_Screen
 *fill*         0x000000000000837e        0x2 ff
 .text.OLED_Send_oneChar
                0x0000000000008380       0x78 _build_lpc40xx_freertos/obj/oled_spi.o
                0x0000000000008380                OLED_Send_oneChar
 .text.OLED_print_string
                0x00000000000083f8       0x4e _build_lpc40xx_freertos/obj/oled_spi.o
                0x00000000000083f8                OLED_print_string
 *fill*         0x0000000000008446        0x2 ff
 .text.OLED_Horizontal_Scroll
                0x0000000000008448       0x78 _build_lpc40xx_freertos/obj/oled_spi.o
                0x0000000000008448                OLED_Horizontal_Scroll
 .text.Scan_SD_Music_file
                0x00000000000084c0      0x198 _build_lpc40xx_freertos/obj/oled_spi.o
                0x00000000000084c0                Scan_SD_Music_file
 .text.OLED_GUI_Home_Page
                0x0000000000008658      0x140 _build_lpc40xx_freertos/obj/oled_spi.o
                0x0000000000008658                OLED_GUI_Home_Page
 .text.OLED_init
                0x0000000000008798      0x180 _build_lpc40xx_freertos/obj/oled_spi.o
                0x0000000000008798                OLED_init
 .text.OLED_GUI_Read_Button_Status
                0x0000000000008918       0x7c _build_lpc40xx_freertos/obj/oled_spi.o
                0x0000000000008918                OLED_GUI_Read_Button_Status
 .text.OLED_GUI_Sleep_mode
                0x0000000000008994      0x160 _build_lpc40xx_freertos/obj/oled_spi.o
                0x0000000000008994                OLED_GUI_Sleep_mode
 .text.OLED_Get_sent_song_update
                0x0000000000008af4       0x10 _build_lpc40xx_freertos/obj/oled_spi.o
                0x0000000000008af4                OLED_Get_sent_song_update
 .text.OLED_print_updated_volumn
                0x0000000000008b04       0x8c _build_lpc40xx_freertos/obj/oled_spi.o
                0x0000000000008b04                OLED_print_updated_volumn
 .text.OLED_GUI_play_status_and_source
                0x0000000000008b90       0x50 _build_lpc40xx_freertos/obj/oled_spi.o
                0x0000000000008b90                OLED_GUI_play_status_and_source
 .text.OLED_GUI_Now_prograss_bar
                0x0000000000008be0       0xdc _build_lpc40xx_freertos/obj/oled_spi.o
                0x0000000000008be0                OLED_GUI_Now_prograss_bar
 .text.OLED_GUI_Send_New_Song
                0x0000000000008cbc       0x80 _build_lpc40xx_freertos/obj/oled_spi.o
                0x0000000000008cbc                OLED_GUI_Send_New_Song
 .text.OLED_GUI_NowPlay_Page
                0x0000000000008d3c       0x9c _build_lpc40xx_freertos/obj/oled_spi.o
                0x0000000000008d3c                OLED_GUI_NowPlay_Page
 .text.reverse  0x0000000000008dd8       0x22 _build_lpc40xx_freertos/obj/oled_spi.o
                0x0000000000008dd8                reverse
 .text.intToStr
                0x0000000000008dfa       0x3e _build_lpc40xx_freertos/obj/oled_spi.o
 .text.OLED_GUI_NowPlay_Option_Page
                0x0000000000008e38      0x380 _build_lpc40xx_freertos/obj/oled_spi.o
                0x0000000000008e38                OLED_GUI_NowPlay_Option_Page
 .text.OLED_GUI_NowPlay_Option
                0x00000000000091b8      0x178 _build_lpc40xx_freertos/obj/oled_spi.o
                0x00000000000091b8                OLED_GUI_NowPlay_Option
 .text.OLED_GUI_Folder_Page
                0x0000000000009330      0x258 _build_lpc40xx_freertos/obj/oled_spi.o
                0x0000000000009330                OLED_GUI_Folder_Page
 .text.OLED_GUI_Folder
                0x0000000000009588       0xe0 _build_lpc40xx_freertos/obj/oled_spi.o
                0x0000000000009588                OLED_GUI_Folder
 .text.OLED_GUI_play_left_right
                0x0000000000009668       0x2c _build_lpc40xx_freertos/obj/oled_spi.o
                0x0000000000009668                OLED_GUI_play_left_right
 .text.OLED_GUI_NowPlay
                0x0000000000009694      0x264 _build_lpc40xx_freertos/obj/oled_spi.o
                0x0000000000009694                OLED_GUI_NowPlay
 .text.OLED_ACC_CTL_Page
                0x00000000000098f8       0x78 _build_lpc40xx_freertos/obj/oled_spi.o
                0x00000000000098f8                OLED_ACC_CTL_Page
 .text.OLED_ACC_CTL_MODE
                0x0000000000009970       0xa4 _build_lpc40xx_freertos/obj/oled_spi.o
                0x0000000000009970                OLED_ACC_CTL_MODE
 .text.OLED_GUI_Move_decision
                0x0000000000009a14      0x19c _build_lpc40xx_freertos/obj/oled_spi.o
                0x0000000000009a14                OLED_GUI_Move_decision
 .text.vApplicationStackOverflowHook
                0x0000000000009bb0       0x1c _build_lpc40xx_freertos/obj/rtos_hooks.o
                0x0000000000009bb0                vApplicationStackOverflowHook
 .text.vApplicationMallocFailedHook
                0x0000000000009bcc       0x10 _build_lpc40xx_freertos/obj/rtos_hooks.o
                0x0000000000009bcc                vApplicationMallocFailedHook
 .text.vApplicationIdleHook
                0x0000000000009bdc       0x10 _build_lpc40xx_freertos/obj/rtos_hooks.o
                0x0000000000009bdc                vApplicationIdleHook
 .text.configASSERT_callback
                0x0000000000009bec       0x40 _build_lpc40xx_freertos/obj/rtos_hooks.o
                0x0000000000009bec                configASSERT_callback
 .text.vApplicationGetIdleTaskMemory
                0x0000000000009c2c       0x18 _build_lpc40xx_freertos/obj/rtos_hooks.o
                0x0000000000009c2c                vApplicationGetIdleTaskMemory
 .text.freertos_hooks__get_run_time_counter_value
                0x0000000000009c44       0x14 _build_lpc40xx_freertos/obj/rtos_hooks.o
                0x0000000000009c44                freertos_hooks__get_run_time_counter_value
 .text.freertos_hooks__reset_run_time_stats
                0x0000000000009c58       0x14 _build_lpc40xx_freertos/obj/rtos_hooks.o
                0x0000000000009c58                freertos_hooks__reset_run_time_stats
 .text.ssp0_pin_init
                0x0000000000009c6c       0x38 _build_lpc40xx_freertos/obj/ssp0.o
                0x0000000000009c6c                ssp0_pin_init
 .text.ssp0__init_lab
                0x0000000000009ca4       0x40 _build_lpc40xx_freertos/obj/ssp0.o
                0x0000000000009ca4                ssp0__init_lab
 .text.ssp0__exchange_byte_lab
                0x0000000000009ce4       0x14 _build_lpc40xx_freertos/obj/ssp0.o
                0x0000000000009ce4                ssp0__exchange_byte_lab
 .text.ssp1_pin_init
                0x0000000000009cf8       0x40 _build_lpc40xx_freertos/obj/ssp1.o
                0x0000000000009cf8                ssp1_pin_init
 .text.ssp1__init_lab
                0x0000000000009d38       0x40 _build_lpc40xx_freertos/obj/ssp1.o
                0x0000000000009d38                ssp1__init_lab
 .text.ssp1__exchange_byte_lab
                0x0000000000009d78       0x14 _build_lpc40xx_freertos/obj/ssp1.o
                0x0000000000009d78                ssp1__exchange_byte_lab
 .text          0x0000000000009d8c      0x378 /mnt/c/Users/chris/sjtwo-c/toolchains/linux/gcc-arm-none-eabi-8-2019-q3-update/bin/../lib/gcc/arm-none-eabi/8.3.1/thumb/v7e-m+fp/hard/libgcc.a(_arm_addsubdf3.o)
                0x0000000000009d8c                __aeabi_drsub
                0x0000000000009d94                __aeabi_dsub
                0x0000000000009d94                __subdf3
                0x0000000000009d98                __adddf3
                0x0000000000009d98                __aeabi_dadd
                0x000000000000a010                __aeabi_ui2d
                0x000000000000a010                __floatunsidf
                0x000000000000a030                __floatsidf
                0x000000000000a030                __aeabi_i2d
                0x000000000000a054                __extendsfdf2
                0x000000000000a054                __aeabi_f2d
                0x000000000000a098                __aeabi_ul2d
                0x000000000000a098                __floatundidf
                0x000000000000a0a8                __floatdidf
                0x000000000000a0a8                __aeabi_l2d
 .text          0x000000000000a104      0x424 /mnt/c/Users/chris/sjtwo-c/toolchains/linux/gcc-arm-none-eabi-8-2019-q3-update/bin/../lib/gcc/arm-none-eabi/8.3.1/thumb/v7e-m+fp/hard/libgcc.a(_arm_muldivdf3.o)
                0x000000000000a104                __aeabi_dmul
                0x000000000000a104                __muldf3
                0x000000000000a358                __aeabi_ddiv
                0x000000000000a358                __divdf3
 .text          0x000000000000a528       0xa0 /mnt/c/Users/chris/sjtwo-c/toolchains/linux/gcc-arm-none-eabi-8-2019-q3-update/bin/../lib/gcc/arm-none-eabi/8.3.1/thumb/v7e-m+fp/hard/libgcc.a(_arm_truncdfsf2.o)
                0x000000000000a528                __aeabi_d2f
                0x000000000000a528                __truncdfsf2
 .text          0x000000000000a5c8       0x30 /mnt/c/Users/chris/sjtwo-c/toolchains/linux/gcc-arm-none-eabi-8-2019-q3-update/bin/../lib/gcc/arm-none-eabi/8.3.1/thumb/v7e-m+fp/hard/libgcc.a(_aeabi_uldivmod.o)
                0x000000000000a5c8                __aeabi_uldivmod
 .text          0x000000000000a5f8      0x2d0 /mnt/c/Users/chris/sjtwo-c/toolchains/linux/gcc-arm-none-eabi-8-2019-q3-update/bin/../lib/gcc/arm-none-eabi/8.3.1/thumb/v7e-m+fp/hard/libgcc.a(_udivmoddi4.o)
                0x000000000000a5f8                __udivmoddi4
 .text          0x000000000000a8c8        0x4 /mnt/c/Users/chris/sjtwo-c/toolchains/linux/gcc-arm-none-eabi-8-2019-q3-update/bin/../lib/gcc/arm-none-eabi/8.3.1/thumb/v7e-m+fp/hard/libgcc.a(_dvmd_tls.o)
                0x000000000000a8c8                __aeabi_ldiv0
                0x000000000000a8c8                __aeabi_idiv0
 .text.atoi     0x000000000000a8cc        0x8 /mnt/c/Users/chris/sjtwo-c/toolchains/linux/gcc-arm-none-eabi-8-2019-q3-update/bin/../lib/gcc/arm-none-eabi/8.3.1/../../../../arm-none-eabi/lib/thumb/v7e-m+fp/hard/libg_nano.a(lib_a-atoi.o)
                0x000000000000a8cc                atoi
 .text.fprintf  0x000000000000a8d4       0x24 /mnt/c/Users/chris/sjtwo-c/toolchains/linux/gcc-arm-none-eabi-8-2019-q3-update/bin/../lib/gcc/arm-none-eabi/8.3.1/../../../../arm-none-eabi/lib/thumb/v7e-m+fp/hard/libg_nano.a(lib_a-fprintf.o)
                0x000000000000a8d4                fprintf
                0x000000000000a8d4                fiprintf
 .text._fputs_r
                0x000000000000a8f8       0xcc /mnt/c/Users/chris/sjtwo-c/toolchains/linux/gcc-arm-none-eabi-8-2019-q3-update/bin/../lib/gcc/arm-none-eabi/8.3.1/../../../../arm-none-eabi/lib/thumb/v7e-m+fp/hard/libg_nano.a(lib_a-fputs.o)
                0x000000000000a8f8                _fputs_r
 .text.fputs    0x000000000000a9c4       0x10 /mnt/c/Users/chris/sjtwo-c/toolchains/linux/gcc-arm-none-eabi-8-2019-q3-update/bin/../lib/gcc/arm-none-eabi/8.3.1/../../../../arm-none-eabi/lib/thumb/v7e-m+fp/hard/libg_nano.a(lib_a-fputs.o)
                0x000000000000a9c4                fputs
 .text.getchar  0x000000000000a9d4       0x24 /mnt/c/Users/chris/sjtwo-c/toolchains/linux/gcc-arm-none-eabi-8-2019-q3-update/bin/../lib/gcc/arm-none-eabi/8.3.1/../../../../arm-none-eabi/lib/thumb/v7e-m+fp/hard/libg_nano.a(lib_a-getchar.o)
                0x000000000000a9d4                getchar
 .text.__itoa   0x000000000000a9f8       0x30 /mnt/c/Users/chris/sjtwo-c/toolchains/linux/gcc-arm-none-eabi-8-2019-q3-update/bin/../lib/gcc/arm-none-eabi/8.3.1/../../../../arm-none-eabi/lib/thumb/v7e-m+fp/hard/libg_nano.a(lib_a-itoa.o)
                0x000000000000a9f8                __itoa
 .text.itoa     0x000000000000aa28        0x4 /mnt/c/Users/chris/sjtwo-c/toolchains/linux/gcc-arm-none-eabi-8-2019-q3-update/bin/../lib/gcc/arm-none-eabi/8.3.1/../../../../arm-none-eabi/lib/thumb/v7e-m+fp/hard/libg_nano.a(lib_a-itoa.o)
                0x000000000000aa28                itoa
 .text.__retarget_lock_init_recursive
                0x000000000000aa2c        0x2 /mnt/c/Users/chris/sjtwo-c/toolchains/linux/gcc-arm-none-eabi-8-2019-q3-update/bin/../lib/gcc/arm-none-eabi/8.3.1/../../../../arm-none-eabi/lib/thumb/v7e-m+fp/hard/libg_nano.a(lib_a-lock.o)
                0x000000000000aa2c                __retarget_lock_init_recursive
 .text.__retarget_lock_acquire_recursive
                0x000000000000aa2e        0x2 /mnt/c/Users/chris/sjtwo-c/toolchains/linux/gcc-arm-none-eabi-8-2019-q3-update/bin/../lib/gcc/arm-none-eabi/8.3.1/../../../../arm-none-eabi/lib/thumb/v7e-m+fp/hard/libg_nano.a(lib_a-lock.o)
                0x000000000000aa2e                __retarget_lock_acquire_recursive
 .text.__retarget_lock_release_recursive
                0x000000000000aa30        0x2 /mnt/c/Users/chris/sjtwo-c/toolchains/linux/gcc-arm-none-eabi-8-2019-q3-update/bin/../lib/gcc/arm-none-eabi/8.3.1/../../../../arm-none-eabi/lib/thumb/v7e-m+fp/hard/libg_nano.a(lib_a-lock.o)
                0x000000000000aa30                __retarget_lock_release_recursive
 *fill*         0x000000000000aa32        0x2 ff
 .text.malloc   0x000000000000aa34       0x10 /mnt/c/Users/chris/sjtwo-c/toolchains/linux/gcc-arm-none-eabi-8-2019-q3-update/bin/../lib/gcc/arm-none-eabi/8.3.1/../../../../arm-none-eabi/lib/thumb/v7e-m+fp/hard/libg_nano.a(lib_a-malloc.o)
                0x000000000000aa34                malloc
 .text.free     0x000000000000aa44       0x10 /mnt/c/Users/chris/sjtwo-c/toolchains/linux/gcc-arm-none-eabi-8-2019-q3-update/bin/../lib/gcc/arm-none-eabi/8.3.1/../../../../arm-none-eabi/lib/thumb/v7e-m+fp/hard/libg_nano.a(lib_a-malloc.o)
                0x000000000000aa44                free
 .text.memcpy   0x000000000000aa54       0x1c /mnt/c/Users/chris/sjtwo-c/toolchains/linux/gcc-arm-none-eabi-8-2019-q3-update/bin/../lib/gcc/arm-none-eabi/8.3.1/../../../../arm-none-eabi/lib/thumb/v7e-m+fp/hard/libg_nano.a(lib_a-memcpy-stub.o)
                0x000000000000aa54                memcpy
 .text.memmove  0x000000000000aa70       0x34 /mnt/c/Users/chris/sjtwo-c/toolchains/linux/gcc-arm-none-eabi-8-2019-q3-update/bin/../lib/gcc/arm-none-eabi/8.3.1/../../../../arm-none-eabi/lib/thumb/v7e-m+fp/hard/libg_nano.a(lib_a-memmove.o)
                0x000000000000aa70                memmove
 .text.memset   0x000000000000aaa4       0x10 /mnt/c/Users/chris/sjtwo-c/toolchains/linux/gcc-arm-none-eabi-8-2019-q3-update/bin/../lib/gcc/arm-none-eabi/8.3.1/../../../../arm-none-eabi/lib/thumb/v7e-m+fp/hard/libg_nano.a(lib_a-memset.o)
                0x000000000000aaa4                memset
 .text._free_r  0x000000000000aab4       0x9c /mnt/c/Users/chris/sjtwo-c/toolchains/linux/gcc-arm-none-eabi-8-2019-q3-update/bin/../lib/gcc/arm-none-eabi/8.3.1/../../../../arm-none-eabi/lib/thumb/v7e-m+fp/hard/libg_nano.a(lib_a-nano-freer.o)
                0x000000000000aab4                _free_r
 .text._malloc_r
                0x000000000000ab50       0xb4 /mnt/c/Users/chris/sjtwo-c/toolchains/linux/gcc-arm-none-eabi-8-2019-q3-update/bin/../lib/gcc/arm-none-eabi/8.3.1/../../../../arm-none-eabi/lib/thumb/v7e-m+fp/hard/libg_nano.a(lib_a-nano-mallocr.o)
                0x000000000000ab50                _malloc_r
 .text.__sfputc_r
                0x000000000000ac04       0x2e /mnt/c/Users/chris/sjtwo-c/toolchains/linux/gcc-arm-none-eabi-8-2019-q3-update/bin/../lib/gcc/arm-none-eabi/8.3.1/../../../../arm-none-eabi/lib/thumb/v7e-m+fp/hard/libg_nano.a(lib_a-nano-vfprintf.o)
 .text.__sfputs_r
                0x000000000000ac32       0x24 /mnt/c/Users/chris/sjtwo-c/toolchains/linux/gcc-arm-none-eabi-8-2019-q3-update/bin/../lib/gcc/arm-none-eabi/8.3.1/../../../../arm-none-eabi/lib/thumb/v7e-m+fp/hard/libg_nano.a(lib_a-nano-vfprintf.o)
                0x000000000000ac32                __sfputs_r
 *fill*         0x000000000000ac56        0x2 ff
 .text._vfprintf_r
                0x000000000000ac58      0x250 /mnt/c/Users/chris/sjtwo-c/toolchains/linux/gcc-arm-none-eabi-8-2019-q3-update/bin/../lib/gcc/arm-none-eabi/8.3.1/../../../../arm-none-eabi/lib/thumb/v7e-m+fp/hard/libg_nano.a(lib_a-nano-vfprintf.o)
                0x000000000000ac58                _vfiprintf_r
                0x000000000000ac58                _vfprintf_r
 .text.__cvt    0x000000000000aea8       0xba /mnt/c/Users/chris/sjtwo-c/toolchains/linux/gcc-arm-none-eabi-8-2019-q3-update/bin/../lib/gcc/arm-none-eabi/8.3.1/../../../../arm-none-eabi/lib/thumb/v7e-m+fp/hard/libg_nano.a(lib_a-nano-vfprintf_float.o)
                0x000000000000aea8                __cvt
 .text.__exponent
                0x000000000000af62       0x64 /mnt/c/Users/chris/sjtwo-c/toolchains/linux/gcc-arm-none-eabi-8-2019-q3-update/bin/../lib/gcc/arm-none-eabi/8.3.1/../../../../arm-none-eabi/lib/thumb/v7e-m+fp/hard/libg_nano.a(lib_a-nano-vfprintf_float.o)
                0x000000000000af62                __exponent
 *fill*         0x000000000000afc6        0x2 ff
 .text._printf_float
                0x000000000000afc8      0x454 /mnt/c/Users/chris/sjtwo-c/toolchains/linux/gcc-arm-none-eabi-8-2019-q3-update/bin/../lib/gcc/arm-none-eabi/8.3.1/../../../../arm-none-eabi/lib/thumb/v7e-m+fp/hard/libg_nano.a(lib_a-nano-vfprintf_float.o)
                0x000000000000afc8                _printf_float
 .text._printf_common
                0x000000000000b41c       0xea /mnt/c/Users/chris/sjtwo-c/toolchains/linux/gcc-arm-none-eabi-8-2019-q3-update/bin/../lib/gcc/arm-none-eabi/8.3.1/../../../../arm-none-eabi/lib/thumb/v7e-m+fp/hard/libg_nano.a(lib_a-nano-vfprintf_i.o)
                0x000000000000b41c                _printf_common
 *fill*         0x000000000000b506        0x2 ff
 .text._printf_i
                0x000000000000b508      0x228 /mnt/c/Users/chris/sjtwo-c/toolchains/linux/gcc-arm-none-eabi-8-2019-q3-update/bin/../lib/gcc/arm-none-eabi/8.3.1/../../../../arm-none-eabi/lib/thumb/v7e-m+fp/hard/libg_nano.a(lib_a-nano-vfprintf_i.o)
                0x000000000000b508                _printf_i
 .text._scanf_float
                0x000000000000b730      0x3c0 /mnt/c/Users/chris/sjtwo-c/toolchains/linux/gcc-arm-none-eabi-8-2019-q3-update/bin/../lib/gcc/arm-none-eabi/8.3.1/../../../../arm-none-eabi/lib/thumb/v7e-m+fp/hard/libg_nano.a(lib_a-nano-vfscanf_float.o)
                0x000000000000b730                _scanf_float
 .text.printf   0x000000000000baf0       0x30 /mnt/c/Users/chris/sjtwo-c/toolchains/linux/gcc-arm-none-eabi-8-2019-q3-update/bin/../lib/gcc/arm-none-eabi/8.3.1/../../../../arm-none-eabi/lib/thumb/v7e-m+fp/hard/libg_nano.a(lib_a-printf.o)
                0x000000000000baf0                printf
                0x000000000000baf0                iprintf
 .text.putchar  0x000000000000bb20       0x28 /mnt/c/Users/chris/sjtwo-c/toolchains/linux/gcc-arm-none-eabi-8-2019-q3-update/bin/../lib/gcc/arm-none-eabi/8.3.1/../../../../arm-none-eabi/lib/thumb/v7e-m+fp/hard/libg_nano.a(lib_a-putchar.o)
                0x000000000000bb20                putchar
 .text._puts_r  0x000000000000bb48       0xdc /mnt/c/Users/chris/sjtwo-c/toolchains/linux/gcc-arm-none-eabi-8-2019-q3-update/bin/../lib/gcc/arm-none-eabi/8.3.1/../../../../arm-none-eabi/lib/thumb/v7e-m+fp/hard/libg_nano.a(lib_a-puts.o)
                0x000000000000bb48                _puts_r
 .text.puts     0x000000000000bc24       0x10 /mnt/c/Users/chris/sjtwo-c/toolchains/linux/gcc-arm-none-eabi-8-2019-q3-update/bin/../lib/gcc/arm-none-eabi/8.3.1/../../../../arm-none-eabi/lib/thumb/v7e-m+fp/hard/libg_nano.a(lib_a-puts.o)
                0x000000000000bc24                puts
 .text._sbrk_r  0x000000000000bc34       0x20 /mnt/c/Users/chris/sjtwo-c/toolchains/linux/gcc-arm-none-eabi-8-2019-q3-update/bin/../lib/gcc/arm-none-eabi/8.3.1/../../../../arm-none-eabi/lib/thumb/v7e-m+fp/hard/libg_nano.a(lib_a-sbrkr.o)
                0x000000000000bc34                _sbrk_r
 .text.setvbuf  0x000000000000bc54      0x184 /mnt/c/Users/chris/sjtwo-c/toolchains/linux/gcc-arm-none-eabi-8-2019-q3-update/bin/../lib/gcc/arm-none-eabi/8.3.1/../../../../arm-none-eabi/lib/thumb/v7e-m+fp/hard/libg_nano.a(lib_a-setvbuf.o)
                0x000000000000bc54                setvbuf
 .text.nanf     0x000000000000bdd8        0xc /mnt/c/Users/chris/sjtwo-c/toolchains/linux/gcc-arm-none-eabi-8-2019-q3-update/bin/../lib/gcc/arm-none-eabi/8.3.1/../../../../arm-none-eabi/lib/thumb/v7e-m+fp/hard/libg_nano.a(lib_a-sf_nan.o)
                0x000000000000bdd8                nanf
 .text.sprintf  0x000000000000bde4       0x40 /mnt/c/Users/chris/sjtwo-c/toolchains/linux/gcc-arm-none-eabi-8-2019-q3-update/bin/../lib/gcc/arm-none-eabi/8.3.1/../../../../arm-none-eabi/lib/thumb/v7e-m+fp/hard/libg_nano.a(lib_a-sprintf.o)
                0x000000000000bde4                sprintf
                0x000000000000bde4                siprintf
 .text.strcasecmp
                0x000000000000be24       0x38 /mnt/c/Users/chris/sjtwo-c/toolchains/linux/gcc-arm-none-eabi-8-2019-q3-update/bin/../lib/gcc/arm-none-eabi/8.3.1/../../../../arm-none-eabi/lib/thumb/v7e-m+fp/hard/libg_nano.a(lib_a-strcasecmp.o)
                0x000000000000be24                strcasecmp
 .text.strcat   0x000000000000be5c       0x20 /mnt/c/Users/chris/sjtwo-c/toolchains/linux/gcc-arm-none-eabi-8-2019-q3-update/bin/../lib/gcc/arm-none-eabi/8.3.1/../../../../arm-none-eabi/lib/thumb/v7e-m+fp/hard/libg_nano.a(lib_a-strcat.o)
                0x000000000000be5c                strcat
 .text.strchr   0x000000000000be7c       0x1a /mnt/c/Users/chris/sjtwo-c/toolchains/linux/gcc-arm-none-eabi-8-2019-q3-update/bin/../lib/gcc/arm-none-eabi/8.3.1/../../../../arm-none-eabi/lib/thumb/v7e-m+fp/hard/libg_nano.a(lib_a-strchr.o)
                0x000000000000be7c                strchr
 .text          0x000000000000be96       0x10 /mnt/c/Users/chris/sjtwo-c/toolchains/linux/gcc-arm-none-eabi-8-2019-q3-update/bin/../lib/gcc/arm-none-eabi/8.3.1/../../../../arm-none-eabi/lib/thumb/v7e-m+fp/hard/libg_nano.a(lib_a-strlen.o)
                0x000000000000be96                strlen
 *fill*         0x000000000000bea6        0x2 ff
 .text.strncasecmp
                0x000000000000bea8       0x44 /mnt/c/Users/chris/sjtwo-c/toolchains/linux/gcc-arm-none-eabi-8-2019-q3-update/bin/../lib/gcc/arm-none-eabi/8.3.1/../../../../arm-none-eabi/lib/thumb/v7e-m+fp/hard/libg_nano.a(lib_a-strncasecmp.o)
                0x000000000000bea8                strncasecmp
 .text.strncmp  0x000000000000beec       0x24 /mnt/c/Users/chris/sjtwo-c/toolchains/linux/gcc-arm-none-eabi-8-2019-q3-update/bin/../lib/gcc/arm-none-eabi/8.3.1/../../../../arm-none-eabi/lib/thumb/v7e-m+fp/hard/libg_nano.a(lib_a-strncmp.o)
                0x000000000000beec                strncmp
 .text.strncpy  0x000000000000bf10       0x26 /mnt/c/Users/chris/sjtwo-c/toolchains/linux/gcc-arm-none-eabi-8-2019-q3-update/bin/../lib/gcc/arm-none-eabi/8.3.1/../../../../arm-none-eabi/lib/thumb/v7e-m+fp/hard/libg_nano.a(lib_a-strncpy.o)
                0x000000000000bf10                strncpy
 .text.strstr   0x000000000000bf36       0x2e /mnt/c/Users/chris/sjtwo-c/toolchains/linux/gcc-arm-none-eabi-8-2019-q3-update/bin/../lib/gcc/arm-none-eabi/8.3.1/../../../../arm-none-eabi/lib/thumb/v7e-m+fp/hard/libg_nano.a(lib_a-strstr.o)
                0x000000000000bf36                strstr
 .text.sulp     0x000000000000bf64       0x38 /mnt/c/Users/chris/sjtwo-c/toolchains/linux/gcc-arm-none-eabi-8-2019-q3-update/bin/../lib/gcc/arm-none-eabi/8.3.1/../../../../arm-none-eabi/lib/thumb/v7e-m+fp/hard/libg_nano.a(lib_a-strtod.o)
 *fill*         0x000000000000bf9c        0x4 ff
 .text._strtod_l
                0x000000000000bfa0      0xb98 /mnt/c/Users/chris/sjtwo-c/toolchains/linux/gcc-arm-none-eabi-8-2019-q3-update/bin/../lib/gcc/arm-none-eabi/8.3.1/../../../../arm-none-eabi/lib/thumb/v7e-m+fp/hard/libg_nano.a(lib_a-strtod.o)
                0x000000000000bfa0                _strtod_l
 .text._strtod_r
                0x000000000000cb38        0xc /mnt/c/Users/chris/sjtwo-c/toolchains/linux/gcc-arm-none-eabi-8-2019-q3-update/bin/../lib/gcc/arm-none-eabi/8.3.1/../../../../arm-none-eabi/lib/thumb/v7e-m+fp/hard/libg_nano.a(lib_a-strtod.o)
                0x000000000000cb38                _strtod_r
 .text._strtol_l.isra.0
                0x000000000000cb44       0xf0 /mnt/c/Users/chris/sjtwo-c/toolchains/linux/gcc-arm-none-eabi-8-2019-q3-update/bin/../lib/gcc/arm-none-eabi/8.3.1/../../../../arm-none-eabi/lib/thumb/v7e-m+fp/hard/libg_nano.a(lib_a-strtol.o)
 .text._strtol_r
                0x000000000000cc34        0x4 /mnt/c/Users/chris/sjtwo-c/toolchains/linux/gcc-arm-none-eabi-8-2019-q3-update/bin/../lib/gcc/arm-none-eabi/8.3.1/../../../../arm-none-eabi/lib/thumb/v7e-m+fp/hard/libg_nano.a(lib_a-strtol.o)
                0x000000000000cc34                _strtol_r
 .text.strtol   0x000000000000cc38       0x14 /mnt/c/Users/chris/sjtwo-c/toolchains/linux/gcc-arm-none-eabi-8-2019-q3-update/bin/../lib/gcc/arm-none-eabi/8.3.1/../../../../arm-none-eabi/lib/thumb/v7e-m+fp/hard/libg_nano.a(lib_a-strtol.o)
                0x000000000000cc38                strtol
 .text.__utoa   0x000000000000cc4c       0x80 /mnt/c/Users/chris/sjtwo-c/toolchains/linux/gcc-arm-none-eabi-8-2019-q3-update/bin/../lib/gcc/arm-none-eabi/8.3.1/../../../../arm-none-eabi/lib/thumb/v7e-m+fp/hard/libg_nano.a(lib_a-utoa.o)
                0x000000000000cc4c                __utoa
 .text._vsnprintf_r